Archive member included to satisfy reference by file (symbol)

E:/Scoop/apps/gcc-arm-none-eabi/current/bin/../lib/gcc/arm-none-eabi/13.3.1/thumb/v7-m/nofp\libg_nano.a(libc_a-exit.o)
                              E:/Scoop/apps/gcc-arm-none-eabi/current/bin/../lib/gcc/arm-none-eabi/13.3.1/thumb/v7-m/nofp/crt0.o (exit)
E:/Scoop/apps/gcc-arm-none-eabi/current/bin/../lib/gcc/arm-none-eabi/13.3.1/thumb/v7-m/nofp\libg_nano.a(libc_a-nano-vfprintf_float.o)
                              (_printf_float)
E:/Scoop/apps/gcc-arm-none-eabi/current/bin/../lib/gcc/arm-none-eabi/13.3.1/thumb/v7-m/nofp\libg_nano.a(libc_a-nano-vfprintf_i.o)
                              E:/Scoop/apps/gcc-arm-none-eabi/current/bin/../lib/gcc/arm-none-eabi/13.3.1/thumb/v7-m/nofp\libg_nano.a(libc_a-nano-vfprintf_float.o) (_printf_common)
E:/Scoop/apps/gcc-arm-none-eabi/current/bin/../lib/gcc/arm-none-eabi/13.3.1/thumb/v7-m/nofp\libg_nano.a(libc_a-findfp.o)
                              E:/Scoop/apps/gcc-arm-none-eabi/current/bin/../lib/gcc/arm-none-eabi/13.3.1/thumb/v7-m/nofp\libg_nano.a(libc_a-exit.o) (__stdio_exit_handler)
E:/Scoop/apps/gcc-arm-none-eabi/current/bin/../lib/gcc/arm-none-eabi/13.3.1/thumb/v7-m/nofp\libg_nano.a(libc_a-fwalk.o)
                              E:/Scoop/apps/gcc-arm-none-eabi/current/bin/../lib/gcc/arm-none-eabi/13.3.1/thumb/v7-m/nofp\libg_nano.a(libc_a-findfp.o) (_fwalk_sglue)
E:/Scoop/apps/gcc-arm-none-eabi/current/bin/../lib/gcc/arm-none-eabi/13.3.1/thumb/v7-m/nofp\libg_nano.a(libc_a-stdio.o)
                              E:/Scoop/apps/gcc-arm-none-eabi/current/bin/../lib/gcc/arm-none-eabi/13.3.1/thumb/v7-m/nofp\libg_nano.a(libc_a-findfp.o) (__sread)
E:/Scoop/apps/gcc-arm-none-eabi/current/bin/../lib/gcc/arm-none-eabi/13.3.1/thumb/v7-m/nofp\libg_nano.a(libc_a-vsprintf.o)
                              CMakeFiles/Project.elf.dir/Hardware/serial.c.obj (vsprintf)
E:/Scoop/apps/gcc-arm-none-eabi/current/bin/../lib/gcc/arm-none-eabi/13.3.1/thumb/v7-m/nofp\libg_nano.a(libc_a-memset.o)
                              E:/Scoop/apps/gcc-arm-none-eabi/current/bin/../lib/gcc/arm-none-eabi/13.3.1/thumb/v7-m/nofp/crt0.o (memset)
E:/Scoop/apps/gcc-arm-none-eabi/current/bin/../lib/gcc/arm-none-eabi/13.3.1/thumb/v7-m/nofp\libg_nano.a(libc_a-localeconv.o)
                              E:/Scoop/apps/gcc-arm-none-eabi/current/bin/../lib/gcc/arm-none-eabi/13.3.1/thumb/v7-m/nofp\libg_nano.a(libc_a-nano-vfprintf_float.o) (_localeconv_r)
E:/Scoop/apps/gcc-arm-none-eabi/current/bin/../lib/gcc/arm-none-eabi/13.3.1/thumb/v7-m/nofp\libg_nano.a(libc_a-closer.o)
                              E:/Scoop/apps/gcc-arm-none-eabi/current/bin/../lib/gcc/arm-none-eabi/13.3.1/thumb/v7-m/nofp\libg_nano.a(libc_a-stdio.o) (_close_r)
E:/Scoop/apps/gcc-arm-none-eabi/current/bin/../lib/gcc/arm-none-eabi/13.3.1/thumb/v7-m/nofp\libg_nano.a(libc_a-reent.o)
                              E:/Scoop/apps/gcc-arm-none-eabi/current/bin/../lib/gcc/arm-none-eabi/13.3.1/thumb/v7-m/nofp\libg_nano.a(libc_a-closer.o) (errno)
E:/Scoop/apps/gcc-arm-none-eabi/current/bin/../lib/gcc/arm-none-eabi/13.3.1/thumb/v7-m/nofp\libg_nano.a(libc_a-impure.o)
                              E:/Scoop/apps/gcc-arm-none-eabi/current/bin/../lib/gcc/arm-none-eabi/13.3.1/thumb/v7-m/nofp\libg_nano.a(libc_a-vsprintf.o) (_impure_ptr)
E:/Scoop/apps/gcc-arm-none-eabi/current/bin/../lib/gcc/arm-none-eabi/13.3.1/thumb/v7-m/nofp\libg_nano.a(libc_a-lseekr.o)
                              E:/Scoop/apps/gcc-arm-none-eabi/current/bin/../lib/gcc/arm-none-eabi/13.3.1/thumb/v7-m/nofp\libg_nano.a(libc_a-stdio.o) (_lseek_r)
E:/Scoop/apps/gcc-arm-none-eabi/current/bin/../lib/gcc/arm-none-eabi/13.3.1/thumb/v7-m/nofp\libg_nano.a(libc_a-readr.o)
                              E:/Scoop/apps/gcc-arm-none-eabi/current/bin/../lib/gcc/arm-none-eabi/13.3.1/thumb/v7-m/nofp\libg_nano.a(libc_a-stdio.o) (_read_r)
E:/Scoop/apps/gcc-arm-none-eabi/current/bin/../lib/gcc/arm-none-eabi/13.3.1/thumb/v7-m/nofp\libg_nano.a(libc_a-writer.o)
                              E:/Scoop/apps/gcc-arm-none-eabi/current/bin/../lib/gcc/arm-none-eabi/13.3.1/thumb/v7-m/nofp\libg_nano.a(libc_a-stdio.o) (_write_r)
E:/Scoop/apps/gcc-arm-none-eabi/current/bin/../lib/gcc/arm-none-eabi/13.3.1/thumb/v7-m/nofp\libg_nano.a(libc_a-init.o)
                              E:/Scoop/apps/gcc-arm-none-eabi/current/bin/../lib/gcc/arm-none-eabi/13.3.1/thumb/v7-m/nofp/crt0.o (__libc_init_array)
E:/Scoop/apps/gcc-arm-none-eabi/current/bin/../lib/gcc/arm-none-eabi/13.3.1/thumb/v7-m/nofp\libg_nano.a(libc_a-lock.o)
                              E:/Scoop/apps/gcc-arm-none-eabi/current/bin/../lib/gcc/arm-none-eabi/13.3.1/thumb/v7-m/nofp\libg_nano.a(libc_a-findfp.o) (__retarget_lock_init_recursive)
E:/Scoop/apps/gcc-arm-none-eabi/current/bin/../lib/gcc/arm-none-eabi/13.3.1/thumb/v7-m/nofp\libg_nano.a(libc_a-memchr-stub.o)
[...]
Memory Configuration

Name             Origin             Length             Attributes
RAM              0x20000000         0x00005000         xrw
FLASH            0x08000000         0x00010000         xr
*default*        0x00000000         0xffffffff

Linker script and memory map

LOAD E:/Scoop/apps/gcc-arm-none-eabi/current/bin/../lib/gcc/arm-none-eabi/13.3.1/thumb/v7-m/nofp/crti.o
LOAD E:/Scoop/apps/gcc-arm-none-eabi/current/bin/../lib/gcc/arm-none-eabi/13.3.1/thumb/v7-m/nofp/crtbegin.o
LOAD E:/Scoop/apps/gcc-arm-none-eabi/current/bin/../lib/gcc/arm-none-eabi/13.3.1/thumb/v7-m/nofp/crt0.o
LOAD CMakeFiles/Project.elf.dir/CORE/core_cm3.c.obj
LOAD CMakeFiles/Project.elf.dir/CORE/startup_stm32f10x_md.s.obj
LOAD CMakeFiles/Project.elf.dir/CORE/system_stm32f10x.c.obj
LOAD CMakeFiles/Project.elf.dir/Hardware/OLED.c.obj
LOAD CMakeFiles/Project.elf.dir/Hardware/serial.c.obj
LOAD CMakeFiles/Project.elf.dir/STM32F10x_StdPeriph_Driver/src/misc.c.obj
LOAD CMakeFiles/Project.elf.dir/STM32F10x_StdPeriph_Driver/src/stm32f10x_adc.c.obj
LOAD CMakeFiles/Project.elf.dir/STM32F10x_StdPeriph_Driver/src/stm32f10x_bkp.c.obj
LOAD CMakeFiles/Project.elf.dir/STM32F10x_StdPeriph_Driver/src/stm32f10x_can.c.obj
LOAD CMakeFiles/Project.elf.dir/STM32F10x_StdPeriph_Driver/src/stm32f10x_cec.c.obj
LOAD CMakeFiles/Project.elf.dir/STM32F10x_StdPeriph_Driver/src/stm32f10x_crc.c.obj
LOAD CMakeFiles/Project.elf.dir/STM32F10x_StdPeriph_Driver/src/stm32f10x_dac.c.obj
LOAD CMakeFiles/Project.elf.dir/STM32F10x_StdPeriph_Driver/src/stm32f10x_dbgmcu.c.obj
LOAD CMakeFiles/Project.elf.dir/STM32F10x_StdPeriph_Driver/src/stm32f10x_dma.c.obj
LOAD CMakeFiles/Project.elf.dir/STM32F10x_StdPeriph_Driver/src/stm32f10x_exti.c.obj
LOAD CMakeFiles/Project.elf.dir/STM32F10x_StdPeriph_Driver/src/stm32f10x_flash.c.obj
LOAD CMakeFiles/Project.elf.dir/STM32F10x_StdPeriph_Driver/src/stm32f10x_fsmc.c.obj
LOAD CMakeFiles/Project.elf.dir/STM32F10x_StdPeriph_Driver/src/stm32f10x_gpio.c.obj
LOAD CMakeFiles/Project.elf.dir/STM32F10x_StdPeriph_Driver/src/stm32f10x_i2c.c.obj
LOAD CMakeFiles/Project.elf.dir/STM32F10x_StdPeriph_Driver/src/stm32f10x_iwdg.c.obj
LOAD CMakeFiles/Project.elf.dir/STM32F10x_StdPeriph_Driver/src/stm32f10x_pwr.c.obj
LOAD CMakeFiles/Project.elf.dir/STM32F10x_StdPeriph_Driver/src/stm32f10x_rcc.c.obj
LOAD CMakeFiles/Project.elf.dir/STM32F10x_StdPeriph_Driver/src/stm32f10x_rtc.c.obj
LOAD CMakeFiles/Project.elf.dir/STM32F10x_StdPeriph_Driver/src/stm32f10x_sdio.c.obj
LOAD CMakeFiles/Project.elf.dir/STM32F10x_StdPeriph_Driver/src/stm32f10x_spi.c.obj
LOAD CMakeFiles/Project.elf.dir/STM32F10x_StdPeriph_Driver/src/stm32f10x_tim.c.obj
LOAD CMakeFiles/Project.elf.dir/STM32F10x_StdPeriph_Driver/src/stm32f10x_usart.c.obj
LOAD CMakeFiles/Project.elf.dir/STM32F10x_StdPeriph_Driver/src/stm32f10x_wwdg.c.obj
LOAD CMakeFiles/Project.elf.dir/SYSTEM/Delay.c.obj
LOAD CMakeFiles/Project.elf.dir/SYSTEM/Timer.c.obj
LOAD CMakeFiles/Project.elf.dir/User/main.c.obj
LOAD CMakeFiles/Project.elf.dir/User/stm32f10x_it.c.obj
START GROUP
LOAD E:/Scoop/apps/gcc-arm-none-eabi/current/bin/../lib/gcc/arm-none-eabi/13.3.1/thumb/v7-m/nofp\libgcc.a
LOAD E:/Scoop/apps/gcc-arm-none-eabi/current/bin/../lib/gcc/arm-none-eabi/13.3.1/thumb/v7-m/nofp\libg_nano.a
LOAD E:/Scoop/apps/gcc-arm-none-eabi/current/bin/../lib/gcc/arm-none-eabi/13.3.1/thumb/v7-m/nofp\libc_nano.a
END GROUP
START GROUP
LOAD E:/Scoop/apps/gcc-arm-none-eabi/current/bin/../lib/gcc/arm-none-eabi/13.3.1/thumb/v7-m/nofp\libgcc.a
LOAD E:/Scoop/apps/gcc-arm-none-eabi/current/bin/../lib/gcc/arm-none-eabi/13.3.1/thumb/v7-m/nofp\libc_nano.a
LOAD E:/Scoop/apps/gcc-arm-none-eabi/current/bin/../lib/gcc/arm-none-eabi/13.3.1/thumb/v7-m/nofp\libnosys.a
END GROUP
START GROUP
LOAD E:/Scoop/apps/gcc-arm-none-eabi/current/bin/../lib/gcc/arm-none-eabi/13.3.1/thumb/v7-m/nofp\libgcc.a
LOAD E:/Scoop/apps/gcc-arm-none-eabi/current/bin/../lib/gcc/arm-none-eabi/13.3.1/thumb/v7-m/nofp\libc_nano.a
LOAD E:/Scoop/apps/gcc-arm-none-eabi/current/bin/../lib/gcc/arm-none-eabi/13.3.1/thumb/v7-m/nofp\libnosys.a
END GROUP
LOAD E:/Scoop/apps/gcc-arm-none-eabi/current/bin/../lib/gcc/arm-none-eabi/13.3.1/thumb/v7-m/nofp/crtend.o
LOAD E:/Scoop/apps/gcc-arm-none-eabi/current/bin/../lib/gcc/arm-none-eabi/13.3.1/thumb/v7-m/nofp/crtn.o
                0x20005000                        _estack = (ORIGIN (RAM) + LENGTH (RAM))
                0x00000200                        _Min_Heap_Size = 0x200
                0x00000400                        _Min_Stack_Size = 0x400

.isr_vector     0x08000000      0x10c
                0x08000000                        . = ALIGN (0x4)
 *(.isr_vector)
 .isr_vector    0x08000000      0x10c CMakeFiles/Project.elf.dir/CORE/startup_stm32f10x_md.s.obj
                0x08000000                g_pfnVectors
                0x0800010c                        . = ALIGN (0x4)

.text           0x08000110     0x384c
                0x08000110                        . = ALIGN (0x4)
 *(.text)
 .text          0x08000110       0x10 E:/Scoop/apps/gcc-arm-none-eabi/current/bin/../lib/gcc/arm-none-eabi/13.3.1/thumb/v7-m/nofp\libg_nano.a(libc_a-strlen.o)
                0x08000110                strlen
 .text          0x08000120      0x378 E:/Scoop/apps/gcc-arm-none-eabi/current/bin/../lib/gcc/arm-none-eabi/13.3.1/thumb/v7-m/nofp\libgcc.a(_arm_addsubdf3.o)
                0x08000120                __aeabi_drsub
                0x08000128                __aeabi_dsub
                0x08000128                __subdf3
                0x0800012c                __aeabi_dadd
                0x0800012c                __adddf3
                0x080003a4                __floatunsidf
                0x080003a4                __aeabi_ui2d
                0x080003c4                __floatsidf
                0x080003c4                __aeabi_i2d
                0x080003e8                __aeabi_f2d
                0x080003e8                __extendsfdf2
                0x0800042c                __floatundidf
                0x0800042c                __aeabi_ul2d
                0x0800043c                __floatdidf
                0x0800043c                __aeabi_l2d
 .text          0x08000498      0x424 E:/Scoop/apps/gcc-arm-none-eabi/current/bin/../lib/gcc/arm-none-eabi/13.3.1/thumb/v7-m/nofp\libgcc.a(_arm_muldivdf3.o)
                0x08000498                __aeabi_dmul
                0x08000498                __muldf3
                0x080006ec                __divdf3
                0x080006ec                __aeabi_ddiv
 .text          0x080008bc      0x110 E:/Scoop/apps/gcc-arm-none-eabi/current/bin/../lib/gcc/arm-none-eabi/13.3.1/thumb/v7-m/nofp\libgcc.a(_arm_cmpdf2.o)
                0x080008bc                __gtdf2
                0x080008bc                __gedf2
                0x080008c4                __ltdf2
                0x080008c4                __ledf2
                0x080008cc                __nedf2
                0x080008cc                __eqdf2
                0x080008cc                __cmpdf2
                0x08000948                __aeabi_cdrcmple
                0x08000958                __aeabi_cdcmpeq
                0x08000958                __aeabi_cdcmple
                0x08000968                __aeabi_dcmpeq
                0x0800097c                __aeabi_dcmplt
                0x08000990                __aeabi_dcmple
                0x080009a4                __aeabi_dcmpge
                0x080009b8                __aeabi_dcmpgt
 .text          0x080009cc       0x2c E:/Scoop/apps/gcc-arm-none-eabi/current/bin/../lib/gcc/arm-none-eabi/13.3.1/thumb/v7-m/nofp\libgcc.a(_arm_unorddf2.o)
                0x080009cc                __unorddf2
                0x080009cc                __aeabi_dcmpun
 .text          0x080009f8       0x50 E:/Scoop/apps/gcc-arm-none-eabi/current/bin/../lib/gcc/arm-none-eabi/13.3.1/thumb/v7-m/nofp\libgcc.a(_arm_fixdfsi.o)
                0x080009f8                __aeabi_d2iz
                0x080009f8                __fixdfsi
 *(.text*)
 .text.deregister_tm_clones
                0x08000a48       0x1c E:/Scoop/apps/gcc-arm-none-eabi/current/bin/../lib/gcc/arm-none-eabi/13.3.1/thumb/v7-m/nofp/crtbegin.o
 .text.register_tm_clones
                0x08000a64       0x24 E:/Scoop/apps/gcc-arm-none-eabi/current/bin/../lib/gcc/arm-none-eabi/13.3.1/thumb/v7-m/nofp/crtbegin.o
 .text.__do_global_dtors_aux
                0x08000a88       0x28 E:/Scoop/apps/gcc-arm-none-eabi/current/bin/../lib/gcc/arm-none-eabi/13.3.1/thumb/v7-m/nofp/crtbegin.o
 .text.frame_dummy
                0x08000ab0       0x24 E:/Scoop/apps/gcc-arm-none-eabi/current/bin/../lib/gcc/arm-none-eabi/13.3.1/thumb/v7-m/nofp/crtbegin.o
 .text.Reset_Handler
                0x08000ad4       0x44 CMakeFiles/Project.elf.dir/CORE/startup_stm32f10x_md.s.obj
                0x08000ad4                Reset_Handler
 .text.Default_Handler
                0x08000b18        0x2 CMakeFiles/Project.elf.dir/CORE/startup_stm32f10x_md.s.obj
                0x08000b18                EXTI2_IRQHandler
                0x08000b18                TIM1_CC_IRQHandler
                0x08000b18                PVD_IRQHandler
                0x08000b18                EXTI3_IRQHandler
                0x08000b18                EXTI0_IRQHandler
                0x08000b18                I2C2_EV_IRQHandler
                0x08000b18                ADC1_2_IRQHandler
                0x08000b18                SPI1_IRQHandler
                0x08000b18                TAMPER_IRQHandler
                0x08000b18                DMA1_Channel4_IRQHandler
                0x08000b18                USART3_IRQHandler
                0x08000b18                RTC_IRQHandler
                0x08000b18                DMA1_Channel7_IRQHandler
                0x08000b18                CAN1_RX1_IRQHandler
                0x08000b18                TIM4_IRQHandler
                0x08000b18                I2C1_EV_IRQHandler
                0x08000b18                DMA1_Channel6_IRQHandler
                0x08000b18                TIM3_IRQHandler
                0x08000b18                RCC_IRQHandler
                0x08000b18                TIM1_TRG_COM_IRQHandler
                0x08000b18                DMA1_Channel1_IRQHandler
                0x08000b18                Default_Handler
                0x08000b18                EXTI15_10_IRQHandler
                0x08000b18                EXTI9_5_IRQHandler
                0x08000b18                SPI2_IRQHandler
                0x08000b18                DMA1_Channel5_IRQHandler
                0x08000b18                EXTI4_IRQHandler
                0x08000b18                USB_LP_CAN1_RX0_IRQHandler
                0x08000b18                USB_HP_CAN1_TX_IRQHandler
                0x08000b18                DMA1_Channel3_IRQHandler
                0x08000b18                TIM1_UP_IRQHandler
                0x08000b18                WWDG_IRQHandler
                0x08000b18                TIM2_IRQHandler
                0x08000b18                TIM1_BRK_IRQHandler
                0x08000b18                EXTI1_IRQHandler
                0x08000b18                RTCAlarm_IRQHandler
                0x08000b18                USART2_IRQHandler
                0x08000b18                I2C2_ER_IRQHandler
                0x08000b18                DMA1_Channel2_IRQHandler
                0x08000b18                CAN1_SCE_IRQHandler
                0x08000b18                FLASH_IRQHandler
                0x08000b18                USART1_IRQHandler
                0x08000b18                I2C1_ER_IRQHandler
                0x08000b18                USBWakeUp_IRQHandler
 *fill*         0x08000b1a        0x2 
 .text.SetSysClockTo72
                0x08000b1c       0xc4 CMakeFiles/Project.elf.dir/CORE/system_stm32f10x.c.obj
 .text.SetSysClock
                0x08000be0        0x8 CMakeFiles/Project.elf.dir/CORE/system_stm32f10x.c.obj
 .text.SystemInit
                0x08000be8       0x50 CMakeFiles/Project.elf.dir/CORE/system_stm32f10x.c.obj
                0x08000be8                SystemInit
 .text.OLED_I2C_Init
                0x08000c38       0x54 CMakeFiles/Project.elf.dir/Hardware/OLED.c.obj
                0x08000c38                OLED_I2C_Init
 .text.OLED_I2C_Start
                0x08000c8c       0x34 CMakeFiles/Project.elf.dir/Hardware/OLED.c.obj
                0x08000c8c                OLED_I2C_Start
 .text.OLED_I2C_Stop
                0x08000cc0       0x28 CMakeFiles/Project.elf.dir/Hardware/OLED.c.obj
                0x08000cc0                OLED_I2C_Stop
 .text.OLED_I2C_SendByte
                0x08000ce8       0x50 CMakeFiles/Project.elf.dir/Hardware/OLED.c.obj
                0x08000ce8                OLED_I2C_SendByte
 .text.OLED_WriteCommand
                0x08000d38       0x20 CMakeFiles/Project.elf.dir/Hardware/OLED.c.obj
                0x08000d38                OLED_WriteCommand
 .text.OLED_WriteData
                0x08000d58       0x20 CMakeFiles/Project.elf.dir/Hardware/OLED.c.obj
                0x08000d58                OLED_WriteData
 .text.OLED_SetCursor
                0x08000d78       0x20 CMakeFiles/Project.elf.dir/Hardware/OLED.c.obj
                0x08000d78                OLED_SetCursor
 .text.OLED_Clear
                0x08000d98       0x2c CMakeFiles/Project.elf.dir/Hardware/OLED.c.obj
                0x08000d98                OLED_Clear
 .text.OLED_ShowChar
                0x08000dc4       0x6c CMakeFiles/Project.elf.dir/Hardware/OLED.c.obj
                0x08000dc4                OLED_ShowChar
 .text.OLED_ShowString
                0x08000e30       0x22 CMakeFiles/Project.elf.dir/Hardware/OLED.c.obj
                0x08000e30                OLED_ShowString
 .text.OLED_Init
                0x08000e52       0xae CMakeFiles/Project.elf.dir/Hardware/OLED.c.obj
                0x08000e52                OLED_Init
 .text.GPIO_Init
                0x08000f00       0xb0 CMakeFiles/Project.elf.dir/STM32F10x_StdPeriph_Driver/src/stm32f10x_gpio.c.obj
                0x08000f00                GPIO_Init
 .text.GPIO_WriteBit
                0x08000fb0        0xa CMakeFiles/Project.elf.dir/STM32F10x_StdPeriph_Driver/src/stm32f10x_gpio.c.obj
                0x08000fb0                GPIO_WriteBit
 *fill*         0x08000fba        0x2 
 .text.RCC_APB2PeriphClockCmd
                0x08000fbc       0x1c CMakeFiles/Project.elf.dir/STM32F10x_StdPeriph_Driver/src/stm32f10x_rcc.c.obj
                0x08000fbc                RCC_APB2PeriphClockCmd
 .text.main     0x08000fd8       0x18 CMakeFiles/Project.elf.dir/User/main.c.obj
                0x08000fd8                main
 .text.NMI_Handler
                0x08000ff0        0x2 CMakeFiles/Project.elf.dir/User/stm32f10x_it.c.obj
                0x08000ff0                NMI_Handler
 .text.HardFault_Handler
                0x08000ff2        0x2 CMakeFiles/Project.elf.dir/User/stm32f10x_it.c.obj
                0x08000ff2                HardFault_Handler
 .text.MemManage_Handler
                0x08000ff4        0x2 CMakeFiles/Project.elf.dir/User/stm32f10x_it.c.obj
                0x08000ff4                MemManage_Handler
 .text.BusFault_Handler
                0x08000ff6        0x2 CMakeFiles/Project.elf.dir/User/stm32f10x_it.c.obj
                0x08000ff6                BusFault_Handler
 .text.UsageFault_Handler
                0x08000ff8        0x2 CMakeFiles/Project.elf.dir/User/stm32f10x_it.c.obj
                0x08000ff8                UsageFault_Handler
 .text.SVC_Handler
                0x08000ffa        0x2 CMakeFiles/Project.elf.dir/User/stm32f10x_it.c.obj
                0x08000ffa                SVC_Handler
 .text.DebugMon_Handler
                0x08000ffc        0x2 CMakeFiles/Project.elf.dir/User/stm32f10x_it.c.obj
                0x08000ffc                DebugMon_Handler
 .text.PendSV_Handler
                0x08000ffe        0x2 CMakeFiles/Project.elf.dir/User/stm32f10x_it.c.obj
                0x08000ffe                PendSV_Handler
 .text.SysTick_Handler
                0x08001000        0x2 CMakeFiles/Project.elf.dir/User/stm32f10x_it.c.obj
                0x08001000                SysTick_Handler
 .text.__cvt    0x08001002       0xc8 E:/Scoop/apps/gcc-arm-none-eabi/current/bin/../lib/gcc/arm-none-eabi/13.3.1/thumb/v7-m/nofp\libg_nano.a(libc_a-nano-vfprintf_float.o)
                0x08001002                __cvt
 .text.__exponent
                0x080010ca       0x74 E:/Scoop/apps/gcc-arm-none-eabi/current/bin/../lib/gcc/arm-none-eabi/13.3.1/thumb/v7-m/nofp\libg_nano.a(libc_a-nano-vfprintf_float.o)
                0x080010ca                __exponent
 *fill*         0x0800113e        0x2 
 .text._printf_float
                0x08001140      0x458 E:/Scoop/apps/gcc-arm-none-eabi/current/bin/../lib/gcc/arm-none-eabi/13.3.1/thumb/v7-m/nofp\libg_nano.a(libc_a-nano-vfprintf_float.o)
                0x08001140                _printf_float
 .text._printf_common
                0x08001598       0xe4 E:/Scoop/apps/gcc-arm-none-eabi/current/bin/../lib/gcc/arm-none-eabi/13.3.1/thumb/v7-m/nofp\libg_nano.a(libc_a-nano-vfprintf_i.o)
                0x08001598                _printf_common
 .text._printf_i
                0x0800167c      0x23c E:/Scoop/apps/gcc-arm-none-eabi/current/bin/../lib/gcc/arm-none-eabi/13.3.1/thumb/v7-m/nofp\libg_nano.a(libc_a-nano-vfprintf_i.o)
                0x0800167c                _printf_i
 .text.std      0x080018b8       0x6c E:/Scoop/apps/gcc-arm-none-eabi/current/bin/../lib/gcc/arm-none-eabi/13.3.1/thumb/v7-m/nofp\libg_nano.a(libc_a-findfp.o)
 .text.stdio_exit_handler
                0x08001924       0x18 E:/Scoop/apps/gcc-arm-none-eabi/current/bin/../lib/gcc/arm-none-eabi/13.3.1/thumb/v7-m/nofp\libg_nano.a(libc_a-findfp.o)
 .text.cleanup_stdio
                0x0800193c       0x40 E:/Scoop/apps/gcc-arm-none-eabi/current/bin/../lib/gcc/arm-none-eabi/13.3.1/thumb/v7-m/nofp\libg_nano.a(libc_a-findfp.o)
 .text.global_stdio_init.part.0
                0x0800197c       0x3c E:/Scoop/apps/gcc-arm-none-eabi/current/bin/../lib/gcc/arm-none-eabi/13.3.1/thumb/v7-m/nofp\libg_nano.a(libc_a-findfp.o)
 .text.__sfp_lock_acquire
                0x080019b8        0xc E:/Scoop/apps/gcc-arm-none-eabi/current/bin/../lib/gcc/arm-none-eabi/13.3.1/thumb/v7-m/nofp\libg_nano.a(libc_a-findfp.o)
                0x080019b8                __sfp_lock_acquire
 .text.__sfp_lock_release
                0x080019c4        0xc E:/Scoop/apps/gcc-arm-none-eabi/current/bin/../lib/gcc/arm-none-eabi/13.3.1/thumb/v7-m/nofp\libg_nano.a(libc_a-findfp.o)
                0x080019c4                __sfp_lock_release
 .text.__sinit  0x080019d0       0x30 E:/Scoop/apps/gcc-arm-none-eabi/current/bin/../lib/gcc/arm-none-eabi/13.3.1/thumb/v7-m/nofp\libg_nano.a(libc_a-findfp.o)
                0x080019d0                __sinit
 .text._fwalk_sglue
                0x08001a00       0x3c E:/Scoop/apps/gcc-arm-none-eabi/current/bin/../lib/gcc/arm-none-eabi/13.3.1/thumb/v7-m/nofp\libg_nano.a(libc_a-fwalk.o)
                0x08001a00                _fwalk_sglue
 .text.__sread  0x08001a3c       0x22 E:/Scoop/apps/gcc-arm-none-eabi/current/bin/../lib/gcc/arm-none-eabi/13.3.1/thumb/v7-m/nofp\libg_nano.a(libc_a-stdio.o)
                0x08001a3c                __sread
 .text.__swrite
                0x08001a5e       0x38 E:/Scoop/apps/gcc-arm-none-eabi/current/bin/../lib/gcc/arm-none-eabi/13.3.1/thumb/v7-m/nofp\libg_nano.a(libc_a-stdio.o)
                0x08001a5e                __swrite
 .text.__sseek  0x08001a96       0x24 E:/Scoop/apps/gcc-arm-none-eabi/current/bin/../lib/gcc/arm-none-eabi/13.3.1/thumb/v7-m/nofp\libg_nano.a(libc_a-stdio.o)
                0x08001a96                __sseek
 .text.__sclose
                0x08001aba        0x8 E:/Scoop/apps/gcc-arm-none-eabi/current/bin/../lib/gcc/arm-none-eabi/13.3.1/thumb/v7-m/nofp\libg_nano.a(libc_a-stdio.o)
                0x08001aba                __sclose
 .text.memset   0x08001ac2       0x10 E:/Scoop/apps/gcc-arm-none-eabi/current/bin/../lib/gcc/arm-none-eabi/13.3.1/thumb/v7-m/nofp\libg_nano.a(libc_a-memset.o)
                0x08001ac2                memset
 *fill*         0x08001ad2        0x2 
 .text._localeconv_r
                0x08001ad4        0x8 E:/Scoop/apps/gcc-arm-none-eabi/current/bin/../lib/gcc/arm-none-eabi/13.3.1/thumb/v7-m/nofp\libg_nano.a(libc_a-localeconv.o)
                0x08001ad4                _localeconv_r
 .text._close_r
                0x08001adc       0x20 E:/Scoop/apps/gcc-arm-none-eabi/current/bin/../lib/gcc/arm-none-eabi/13.3.1/thumb/v7-m/nofp\libg_nano.a(libc_a-closer.o)
                0x08001adc                _close_r
 .text._lseek_r
                0x08001afc       0x24 E:/Scoop/apps/gcc-arm-none-eabi/current/bin/../lib/gcc/arm-none-eabi/13.3.1/thumb/v7-m/nofp\libg_nano.a(libc_a-lseekr.o)
                0x08001afc                _lseek_r
 .text._read_r  0x08001b20       0x24 E:/Scoop/apps/gcc-arm-none-eabi/current/bin/../lib/gcc/arm-none-eabi/13.3.1/thumb/v7-m/nofp\libg_nano.a(libc_a-readr.o)
                0x08001b20                _read_r
 .text._write_r
                0x08001b44       0x24 E:/Scoop/apps/gcc-arm-none-eabi/current/bin/../lib/gcc/arm-none-eabi/13.3.1/thumb/v7-m/nofp\libg_nano.a(libc_a-writer.o)
                0x08001b44                _write_r
 .text.__retarget_lock_init_recursive
                0x08001b68        0x2 E:/Scoop/apps/gcc-arm-none-eabi/current/bin/../lib/gcc/arm-none-eabi/13.3.1/thumb/v7-m/nofp\libg_nano.a(libc_a-lock.o)
                0x08001b68                __retarget_lock_init_recursive
 .text.__retarget_lock_acquire_recursive
                0x08001b6a        0x2 E:/Scoop/apps/gcc-arm-none-eabi/current/bin/../lib/gcc/arm-none-eabi/13.3.1/thumb/v7-m/nofp\libg_nano.a(libc_a-lock.o)
                0x08001b6a                __retarget_lock_acquire_recursive
 .text.__retarget_lock_release_recursive
                0x08001b6c        0x2 E:/Scoop/apps/gcc-arm-none-eabi/current/bin/../lib/gcc/arm-none-eabi/13.3.1/thumb/v7-m/nofp\libg_nano.a(libc_a-lock.o)
                0x08001b6c                __retarget_lock_release_recursive
 .text.memchr   0x08001b6e       0x1c E:/Scoop/apps/gcc-arm-none-eabi/current/bin/../lib/gcc/arm-none-eabi/13.3.1/thumb/v7-m/nofp\libg_nano.a(libc_a-memchr-stub.o)
                0x08001b6e                memchr
 .text.quorem   0x08001b8a      0x110 E:/Scoop/apps/gcc-arm-none-eabi/current/bin/../lib/gcc/arm-none-eabi/13.3.1/thumb/v7-m/nofp\libg_nano.a(libc_a-dtoa.o)
 *fill*         0x08001c9a        0x6 
 .text._dtoa_r  0x08001ca0      0xb7c E:/Scoop/apps/gcc-arm-none-eabi/current/bin/../lib/gcc/arm-none-eabi/13.3.1/thumb/v7-m/nofp\libg_nano.a(libc_a-dtoa.o)
                0x08001ca0                _dtoa_r
 .text._free_r  0x0800281c       0x90 E:/Scoop/apps/gcc-arm-none-eabi/current/bin/../lib/gcc/arm-none-eabi/13.3.1/thumb/v7-m/nofp\libg_nano.a(libc_a-freer.o)
                0x0800281c                _free_r
 .text.malloc   0x080028ac       0x10 E:/Scoop/apps/gcc-arm-none-eabi/current/bin/../lib/gcc/arm-none-eabi/13.3.1/thumb/v7-m/nofp\libg_nano.a(libc_a-malloc.o)
                0x080028ac                malloc
 .text.sbrk_aligned
                0x080028bc       0x44 E:/Scoop/apps/gcc-arm-none-eabi/current/bin/../lib/gcc/arm-none-eabi/13.3.1/thumb/v7-m/nofp\libg_nano.a(libc_a-mallocr.o)
 .text._malloc_r
                0x08002900      0x100 E:/Scoop/apps/gcc-arm-none-eabi/current/bin/../lib/gcc/arm-none-eabi/13.3.1/thumb/v7-m/nofp\libg_nano.a(libc_a-mallocr.o)
                0x08002900                _malloc_r
 .text.__malloc_lock
                0x08002a00        0xc E:/Scoop/apps/gcc-arm-none-eabi/current/bin/../lib/gcc/arm-none-eabi/13.3.1/thumb/v7-m/nofp\libg_nano.a(libc_a-mlock.o)
                0x08002a00                __malloc_lock
 .text.__malloc_unlock
                0x08002a0c        0xc E:/Scoop/apps/gcc-arm-none-eabi/current/bin/../lib/gcc/arm-none-eabi/13.3.1/thumb/v7-m/nofp\libg_nano.a(libc_a-mlock.o)
                0x08002a0c                __malloc_unlock
 .text._Balloc  0x08002a18       0x80 E:/Scoop/apps/gcc-arm-none-eabi/current/bin/../lib/gcc/arm-none-eabi/13.3.1/thumb/v7-m/nofp\libg_nano.a(libc_a-mprec.o)
                0x08002a18                _Balloc
 .text._Bfree   0x08002a98       0x44 E:/Scoop/apps/gcc-arm-none-eabi/current/bin/../lib/gcc/arm-none-eabi/13.3.1/thumb/v7-m/nofp\libg_nano.a(libc_a-mprec.o)
                0x08002a98                _Bfree
 .text.__multadd
                0x08002adc       0x8c E:/Scoop/apps/gcc-arm-none-eabi/current/bin/../lib/gcc/arm-none-eabi/13.3.1/thumb/v7-m/nofp\libg_nano.a(libc_a-mprec.o)
                0x08002adc                __multadd
 .text.__hi0bits
                0x08002b68       0x3e E:/Scoop/apps/gcc-arm-none-eabi/current/bin/../lib/gcc/arm-none-eabi/13.3.1/thumb/v7-m/nofp\libg_nano.a(libc_a-mprec.o)
                0x08002b68                __hi0bits
 .text.__lo0bits
                0x08002ba6       0x5a E:/Scoop/apps/gcc-arm-none-eabi/current/bin/../lib/gcc/arm-none-eabi/13.3.1/thumb/v7-m/nofp\libg_nano.a(libc_a-mprec.o)
                0x08002ba6                __lo0bits
 .text.__i2b    0x08002c00       0x2c E:/Scoop/apps/gcc-arm-none-eabi/current/bin/../lib/gcc/arm-none-eabi/13.3.1/thumb/v7-m/nofp\libg_nano.a(libc_a-mprec.o)
                0x08002c00                __i2b
 .text.__multiply
                0x08002c2c      0x144 E:/Scoop/apps/gcc-arm-none-eabi/current/bin/../lib/gcc/arm-none-eabi/13.3.1/thumb/v7-m/nofp\libg_nano.a(libc_a-mprec.o)
                0x08002c2c                __multiply
 .text.__pow5mult
                0x08002d70       0xb4 E:/Scoop/apps/gcc-arm-none-eabi/current/bin/../lib/gcc/arm-none-eabi/13.3.1/thumb/v7-m/nofp\libg_nano.a(libc_a-mprec.o)
                0x08002d70                __pow5mult
 .text.__lshift
                0x08002e24       0xd8 E:/Scoop/apps/gcc-arm-none-eabi/current/bin/../lib/gcc/arm-none-eabi/13.3.1/thumb/v7-m/nofp\libg_nano.a(libc_a-mprec.o)
                0x08002e24                __lshift
 .text.__mcmp   0x08002efc       0x36 E:/Scoop/apps/gcc-arm-none-eabi/current/bin/../lib/gcc/arm-none-eabi/13.3.1/thumb/v7-m/nofp\libg_nano.a(libc_a-mprec.o)
                0x08002efc                __mcmp
 *fill*         0x08002f32        0x2 
 .text.__mdiff  0x08002f34      0x128 E:/Scoop/apps/gcc-arm-none-eabi/current/bin/../lib/gcc/arm-none-eabi/13.3.1/thumb/v7-m/nofp\libg_nano.a(libc_a-mprec.o)
                0x08002f34                __mdiff
 .text.__d2b    0x0800305c       0xb0 E:/Scoop/apps/gcc-arm-none-eabi/current/bin/../lib/gcc/arm-none-eabi/13.3.1/thumb/v7-m/nofp\libg_nano.a(libc_a-mprec.o)
                0x0800305c                __d2b
 .text.__sflush_r
                0x0800310c      0x100 E:/Scoop/apps/gcc-arm-none-eabi/current/bin/../lib/gcc/arm-none-eabi/13.3.1/thumb/v7-m/nofp\libg_nano.a(libc_a-fflush.o)
                0x0800310c                __sflush_r
 .text._fflush_r
                0x0800320c       0x50 E:/Scoop/apps/gcc-arm-none-eabi/current/bin/../lib/gcc/arm-none-eabi/13.3.1/thumb/v7-m/nofp\libg_nano.a(libc_a-fflush.o)
                0x0800320c                _fflush_r
 .text._sbrk_r  0x0800325c       0x20 E:/Scoop/apps/gcc-arm-none-eabi/current/bin/../lib/gcc/arm-none-eabi/13.3.1/thumb/v7-m/nofp\libg_nano.a(libc_a-sbrkr.o)
                0x0800325c                _sbrk_r
 .text.memcpy   0x0800327c       0x1c E:/Scoop/apps/gcc-arm-none-eabi/current/bin/../lib/gcc/arm-none-eabi/13.3.1/thumb/v7-m/nofp\libg_nano.a(libc_a-memcpy-stub.o)
                0x0800327c                memcpy
 .text.__assert_func
                0x08003298       0x3c E:/Scoop/apps/gcc-arm-none-eabi/current/bin/../lib/gcc/arm-none-eabi/13.3.1/thumb/v7-m/nofp\libg_nano.a(libc_a-assert.o)
                0x08003298                __assert_func
 .text._calloc_r
                0x080032d4       0x28 E:/Scoop/apps/gcc-arm-none-eabi/current/bin/../lib/gcc/arm-none-eabi/13.3.1/thumb/v7-m/nofp\libg_nano.a(libc_a-callocr.o)
                0x080032d4                _calloc_r
 .text.__ascii_mbtowc
                0x080032fc       0x24 E:/Scoop/apps/gcc-arm-none-eabi/current/bin/../lib/gcc/arm-none-eabi/13.3.1/thumb/v7-m/nofp\libg_nano.a(libc_a-mbtowc_r.o)
                0x080032fc                __ascii_mbtowc
 .text.__ascii_wctomb
                0x08003320       0x1a E:/Scoop/apps/gcc-arm-none-eabi/current/bin/../lib/gcc/arm-none-eabi/13.3.1/thumb/v7-m/nofp\libg_nano.a(libc_a-wctomb_r.o)
                0x08003320                __ascii_wctomb
 *fill*         0x0800333a        0x2 
 .text.fprintf  0x0800333c       0x24 E:/Scoop/apps/gcc-arm-none-eabi/current/bin/../lib/gcc/arm-none-eabi/13.3.1/thumb/v7-m/nofp\libg_nano.a(libc_a-fprintf.o)
                0x0800333c                fiprintf
                0x0800333c                fprintf
 .text.abort    0x08003360        0xe E:/Scoop/apps/gcc-arm-none-eabi/current/bin/../lib/gcc/arm-none-eabi/13.3.1/thumb/v7-m/nofp\libg_nano.a(libc_a-abort.o)
                0x08003360                abort
 .text.__sfputc_r
                0x0800336e       0x2a E:/Scoop/apps/gcc-arm-none-eabi/current/bin/../lib/gcc/arm-none-eabi/13.3.1/thumb/v7-m/nofp\libg_nano.a(libc_a-nano-vfprintf.o)
 .text.__sfputs_r
                0x08003398       0x24 E:/Scoop/apps/gcc-arm-none-eabi/current/bin/../lib/gcc/arm-none-eabi/13.3.1/thumb/v7-m/nofp\libg_nano.a(libc_a-nano-vfprintf.o)
                0x08003398                __sfputs_r
 .text._vfprintf_r
                0x080033bc      0x230 E:/Scoop/apps/gcc-arm-none-eabi/current/bin/../lib/gcc/arm-none-eabi/13.3.1/thumb/v7-m/nofp\libg_nano.a(libc_a-nano-vfprintf.o)
                0x080033bc                _vfprintf_r
                0x080033bc                _vfiprintf_r
 .text.__swbuf_r
                0x080035ec       0x7c E:/Scoop/apps/gcc-arm-none-eabi/current/bin/../lib/gcc/arm-none-eabi/13.3.1/thumb/v7-m/nofp\libg_nano.a(libc_a-wbuf.o)
                0x080035ec                __swbuf_r
 .text.__swsetup_r
                0x08003668       0xac E:/Scoop/apps/gcc-arm-none-eabi/current/bin/../lib/gcc/arm-none-eabi/13.3.1/thumb/v7-m/nofp\libg_nano.a(libc_a-wsetup.o)
                0x08003668                __swsetup_r
 .text._raise_r
                0x08003714       0x50 E:/Scoop/apps/gcc-arm-none-eabi/current/bin/../lib/gcc/arm-none-eabi/13.3.1/thumb/v7-m/nofp\libg_nano.a(libc_a-signal.o)
                0x08003714                _raise_r
 .text.raise    0x08003764       0x10 E:/Scoop/apps/gcc-arm-none-eabi/current/bin/../lib/gcc/arm-none-eabi/13.3.1/thumb/v7-m/nofp\libg_nano.a(libc_a-signal.o)
                0x08003764                raise
 .text._kill_r  0x08003774       0x24 E:/Scoop/apps/gcc-arm-none-eabi/current/bin/../lib/gcc/arm-none-eabi/13.3.1/thumb/v7-m/nofp\libg_nano.a(libc_a-signalr.o)
                0x08003774                _kill_r
 .text._getpid_r
                0x08003798        0x4 E:/Scoop/apps/gcc-arm-none-eabi/current/bin/../lib/gcc/arm-none-eabi/13.3.1/thumb/v7-m/nofp\libg_nano.a(libc_a-signalr.o)
                0x08003798                _getpid_r
 .text.__swhatbuf_r
                0x0800379c       0x4a E:/Scoop/apps/gcc-arm-none-eabi/current/bin/../lib/gcc/arm-none-eabi/13.3.1/thumb/v7-m/nofp\libg_nano.a(libc_a-makebuf.o)
                0x0800379c                __swhatbuf_r
 .text.__smakebuf_r
                0x080037e6       0x78 E:/Scoop/apps/gcc-arm-none-eabi/current/bin/../lib/gcc/arm-none-eabi/13.3.1/thumb/v7-m/nofp\libg_nano.a(libc_a-makebuf.o)
                0x080037e6                __smakebuf_r
 *fill*         0x0800385e        0x2 
 .text._fstat_r
                0x08003860       0x24 E:/Scoop/apps/gcc-arm-none-eabi/current/bin/../lib/gcc/arm-none-eabi/13.3.1/thumb/v7-m/nofp\libg_nano.a(libc_a-fstatr.o)
                0x08003860                _fstat_r
 .text._isatty_r
                0x08003884       0x20 E:/Scoop/apps/gcc-arm-none-eabi/current/bin/../lib/gcc/arm-none-eabi/13.3.1/thumb/v7-m/nofp\libg_nano.a(libc_a-isattyr.o)
                0x08003884                _isatty_r
 .text._close   0x080038a4       0x10 E:/Scoop/apps/gcc-arm-none-eabi/current/bin/../lib/gcc/arm-none-eabi/13.3.1/thumb/v7-m/nofp\libnosys.a(close.o)
                0x080038a4                _close
 .text._fstat   0x080038b4       0x10 E:/Scoop/apps/gcc-arm-none-eabi/current/bin/../lib/gcc/arm-none-eabi/13.3.1/thumb/v7-m/nofp\libnosys.a(fstat.o)
                0x080038b4                _fstat
 .text._getpid  0x080038c4       0x10 E:/Scoop/apps/gcc-arm-none-eabi/current/bin/../lib/gcc/arm-none-eabi/13.3.1/thumb/v7-m/nofp\libnosys.a(getpid.o)
                0x080038c4                _getpid
 .text._isatty  0x080038d4       0x10 E:/Scoop/apps/gcc-arm-none-eabi/current/bin/../lib/gcc/arm-none-eabi/13.3.1/thumb/v7-m/nofp\libnosys.a(isatty.o)
                0x080038d4                _isatty
 .text._kill    0x080038e4       0x10 E:/Scoop/apps/gcc-arm-none-eabi/current/bin/../lib/gcc/arm-none-eabi/13.3.1/thumb/v7-m/nofp\libnosys.a(kill.o)
                0x080038e4                _kill
 .text._lseek   0x080038f4       0x10 E:/Scoop/apps/gcc-arm-none-eabi/current/bin/../lib/gcc/arm-none-eabi/13.3.1/thumb/v7-m/nofp\libnosys.a(lseek.o)
                0x080038f4                _lseek
 .text._read    0x08003904       0x10 E:/Scoop/apps/gcc-arm-none-eabi/current/bin/../lib/gcc/arm-none-eabi/13.3.1/thumb/v7-m/nofp\libnosys.a(read.o)
                0x08003904                _read
 .text._sbrk    0x08003914       0x1c E:/Scoop/apps/gcc-arm-none-eabi/current/bin/../lib/gcc/arm-none-eabi/13.3.1/thumb/v7-m/nofp\libnosys.a(sbrk.o)
                0x08003914                _sbrk
 .text._write   0x08003930       0x10 E:/Scoop/apps/gcc-arm-none-eabi/current/bin/../lib/gcc/arm-none-eabi/13.3.1/thumb/v7-m/nofp\libnosys.a(write.o)
                0x08003930                _write
 .text._exit    0x08003940        0x4 E:/Scoop/apps/gcc-arm-none-eabi/current/bin/../lib/gcc/arm-none-eabi/13.3.1/thumb/v7-m/nofp\libnosys.a(_exit.o)
                0x08003940                _exit
 *(.glue_7)
 .glue_7        0x08003944        0x0 linker stubs
 *(.glue_7t)
 .glue_7t       0x08003944        0x0 linker stubs
 *(.eh_frame)
 .eh_frame      0x08003944        0x0 E:/Scoop/apps/gcc-arm-none-eabi/current/bin/../lib/gcc/arm-none-eabi/13.3.1/thumb/v7-m/nofp/crtbegin.o
 *(.init)
 .init          0x08003944        0x4 E:/Scoop/apps/gcc-arm-none-eabi/current/bin/../lib/gcc/arm-none-eabi/13.3.1/thumb/v7-m/nofp/crti.o
                0x08003944                _init
 .init          0x08003948        0x8 E:/Scoop/apps/gcc-arm-none-eabi/current/bin/../lib/gcc/arm-none-eabi/13.3.1/thumb/v7-m/nofp/crtn.o
 *(.fini)
 .fini          0x08003950        0x4 E:/Scoop/apps/gcc-arm-none-eabi/current/bin/../lib/gcc/arm-none-eabi/13.3.1/thumb/v7-m/nofp/crti.o
                0x08003950                _fini
 .fini          0x08003954        0x8 E:/Scoop/apps/gcc-arm-none-eabi/current/bin/../lib/gcc/arm-none-eabi/13.3.1/thumb/v7-m/nofp/crtn.o
                0x0800395c                        . = ALIGN (0x4)
                0x0800395c                        _etext = .

.vfp11_veneer   0x0800395c        0x0
 .vfp11_veneer  0x0800395c        0x0 linker stubs

.v4_bx          0x0800395c        0x0
 .v4_bx         0x0800395c        0x0 linker stubs

.iplt           0x0800395c        0x0
 .iplt          0x0800395c        0x0 E:/Scoop/apps/gcc-arm-none-eabi/current/bin/../lib/gcc/arm-none-eabi/13.3.1/thumb/v7-m/nofp/crtbegin.o

.rodata         0x08003960      0x974
                0x08003960                        . = ALIGN (0x4)
 *(.rodata)
 *(.rodata*)
 .rodata.OLED_F8x16
                0x08003960      0x5f0 CMakeFiles/Project.elf.dir/Hardware/OLED.c.obj
                0x08003960                OLED_F8x16
 .rodata.main.str1.4
                0x08003f50        0xd CMakeFiles/Project.elf.dir/User/main.c.obj
 .rodata._printf_float.str1.1
                0x08003f5d      0x173 E:/Scoop/apps/gcc-arm-none-eabi/current/bin/../lib/gcc/arm-none-eabi/13.3.1/thumb/v7-m/nofp\libg_nano.a(libc_a-nano-vfprintf_float.o)
                                 0x12 (size before relaxing)
 .rodata._printf_i.str1.1
                0x080040d0       0x22 E:/Scoop/apps/gcc-arm-none-eabi/current/bin/../lib/gcc/arm-none-eabi/13.3.1/thumb/v7-m/nofp\libg_nano.a(libc_a-nano-vfprintf_i.o)
 .rodata._dtoa_r.str1.1
                0x080040d0       0x90 E:/Scoop/apps/gcc-arm-none-eabi/current/bin/../lib/gcc/arm-none-eabi/13.3.1/thumb/v7-m/nofp\libg_nano.a(libc_a-dtoa.o)
 .rodata._Balloc.str1.1
                0x080040d0       0x71 E:/Scoop/apps/gcc-arm-none-eabi/current/bin/../lib/gcc/arm-none-eabi/13.3.1/thumb/v7-m/nofp\libg_nano.a(libc_a-mprec.o)
 .rodata.__multadd.str1.1
                0x080040d0       0x11 E:/Scoop/apps/gcc-arm-none-eabi/current/bin/../lib/gcc/arm-none-eabi/13.3.1/thumb/v7-m/nofp\libg_nano.a(libc_a-mprec.o)
 .rodata.p05.0  0x080040d0        0xc E:/Scoop/apps/gcc-arm-none-eabi/current/bin/../lib/gcc/arm-none-eabi/13.3.1/thumb/v7-m/nofp\libg_nano.a(libc_a-mprec.o)
 *fill*         0x080040dc        0x4 
 .rodata.__mprec_bigtens
                0x080040e0       0x28 E:/Scoop/apps/gcc-arm-none-eabi/current/bin/../lib/gcc/arm-none-eabi/13.3.1/thumb/v7-m/nofp\libg_nano.a(libc_a-mprec.o)
                0x080040e0                __mprec_bigtens
 .rodata.__mprec_tens
                0x08004108       0xc8 E:/Scoop/apps/gcc-arm-none-eabi/current/bin/../lib/gcc/arm-none-eabi/13.3.1/thumb/v7-m/nofp\libg_nano.a(libc_a-mprec.o)
                0x08004108                __mprec_tens
 .rodata._setlocale_r.str1.1
                0x080041d0        0x9 E:/Scoop/apps/gcc-arm-none-eabi/current/bin/../lib/gcc/arm-none-eabi/13.3.1/thumb/v7-m/nofp\libg_nano.a(libc_a-locale.o)
 .rodata.str1.1
                0x080041d0        0x2 E:/Scoop/apps/gcc-arm-none-eabi/current/bin/../lib/gcc/arm-none-eabi/13.3.1/thumb/v7-m/nofp\libg_nano.a(libc_a-locale.o)
 .rodata.__assert_func.str1.1
                0x080041d0       0x3d E:/Scoop/apps/gcc-arm-none-eabi/current/bin/../lib/gcc/arm-none-eabi/13.3.1/thumb/v7-m/nofp\libg_nano.a(libc_a-assert.o)
 .rodata._ctype_
                0x080041d0      0x101 E:/Scoop/apps/gcc-arm-none-eabi/current/bin/../lib/gcc/arm-none-eabi/13.3.1/thumb/v7-m/nofp\libg_nano.a(libc_a-ctype_.o)
                0x080041d0                _ctype_
 .rodata._vfprintf_r.str1.1
                0x080042d1       0x11 E:/Scoop/apps/gcc-arm-none-eabi/current/bin/../lib/gcc/arm-none-eabi/13.3.1/thumb/v7-m/nofp\libg_nano.a(libc_a-nano-vfprintf.o)
                0x080042e4                        . = ALIGN (0x4)
 *fill*         0x080042d1        0x3 

.ARM.extab
 *(.ARM.extab* .gnu.linkonce.armextab.*)

.ARM            0x080042d4        0x8
                0x080042d4                        __exidx_start = .
 *(.ARM.exidx*)
 .ARM.exidx     0x080042d4        0x8 E:/Scoop/apps/gcc-arm-none-eabi/current/bin/../lib/gcc/arm-none-eabi/13.3.1/thumb/v7-m/nofp\libg_nano.a(libc_a-strlen.o)
                0x080042dc                        __exidx_end = .

.rel.dyn        0x080042dc        0x0
 .rel.iplt      0x080042dc        0x0 E:/Scoop/apps/gcc-arm-none-eabi/current/bin/../lib/gcc/arm-none-eabi/13.3.1/thumb/v7-m/nofp/crtbegin.o

.preinit_array  0x080042dc        0x0
                0x080042dc                        PROVIDE (__preinit_array_start = .)
 *(.preinit_array*)
                0x080042dc                        PROVIDE (__preinit_array_end = .)

.init_array     0x080042dc        0x4
                0x080042dc                        PROVIDE (__init_array_start = .)
 *(SORT_BY_NAME(.init_array.*))
 *(.init_array*)
 .init_array    0x080042dc        0x4 E:/Scoop/apps/gcc-arm-none-eabi/current/bin/../lib/gcc/arm-none-eabi/13.3.1/thumb/v7-m/nofp/crtbegin.o
                0x080042e0                        PROVIDE (__init_array_end = .)

.fini_array     0x080042e0        0x4
                [!provide]                        PROVIDE (__fini_array_start = .)
 *(SORT_BY_NAME(.fini_array.*))
 *(.fini_array*)
 .fini_array    0x080042e0        0x4 E:/Scoop/apps/gcc-arm-none-eabi/current/bin/../lib/gcc/arm-none-eabi/13.3.1/thumb/v7-m/nofp/crtbegin.o
                [!provide]                        PROVIDE (__fini_array_end = .)
                0x080042e4                        _sidata = LOADADDR (.data)

.data           0x20000000      0x1c8 load address 0x080042e4
                0x20000000                        . = ALIGN (0x4)
                0x20000000                        _sdata = .
 *(.data)
 *(.data*)
 .data.__sglue  0x20000000        0xc E:/Scoop/apps/gcc-arm-none-eabi/current/bin/../lib/gcc/arm-none-eabi/13.3.1/thumb/v7-m/nofp\libg_nano.a(libc_a-findfp.o)
                0x20000000                __sglue
 .data._impure_ptr
                0x2000000c        0x4 E:/Scoop/apps/gcc-arm-none-eabi/current/bin/../lib/gcc/arm-none-eabi/13.3.1/thumb/v7-m/nofp\libg_nano.a(libc_a-impure.o)
                0x2000000c                _impure_ptr
 .data._impure_data
                0x20000010       0x4c E:/Scoop/apps/gcc-arm-none-eabi/current/bin/../lib/gcc/arm-none-eabi/13.3.1/thumb/v7-m/nofp\libg_nano.a(libc_a-impure.o)
                0x20000010                _impure_data
 .data.__global_locale
                0x2000005c      0x16c E:/Scoop/apps/gcc-arm-none-eabi/current/bin/../lib/gcc/arm-none-eabi/13.3.1/thumb/v7-m/nofp\libg_nano.a(libc_a-locale.o)
                0x2000005c                __global_locale
                0x200001c8                        . = ALIGN (0x4)
                0x200001c8                        _edata = .

.tm_clone_table
                0x200001c8        0x0 load address 0x080044ac
 .tm_clone_table
                0x200001c8        0x0 E:/Scoop/apps/gcc-arm-none-eabi/current/bin/../lib/gcc/arm-none-eabi/13.3.1/thumb/v7-m/nofp/crtbegin.o
 .tm_clone_table
                0x200001c8        0x0 E:/Scoop/apps/gcc-arm-none-eabi/current/bin/../lib/gcc/arm-none-eabi/13.3.1/thumb/v7-m/nofp/crtend.o

.igot.plt       0x200001c8        0x0 load address 0x080044ac
 .igot.plt      0x200001c8        0x0 E:/Scoop/apps/gcc-arm-none-eabi/current/bin/../lib/gcc/arm-none-eabi/13.3.1/thumb/v7-m/nofp/crtbegin.o
                0x200001c8                        . = ALIGN (0x4)

.bss            0x200001c8      0x16c load address 0x080044ac
                0x200001c8                        _sbss = .
                0x200001c8                        __bss_start__ = _sbss
 *(.bss)
 *(.bss*)
 .bss.completed.1
                0x200001c8        0x1 E:/Scoop/apps/gcc-arm-none-eabi/current/bin/../lib/gcc/arm-none-eabi/13.3.1/thumb/v7-m/nofp/crtbegin.o
 *fill*         0x200001c9        0x3 
 .bss.object.0  0x200001cc       0x18 E:/Scoop/apps/gcc-arm-none-eabi/current/bin/../lib/gcc/arm-none-eabi/13.3.1/thumb/v7-m/nofp/crtbegin.o
 .bss.__sf      0x200001e4      0x138 E:/Scoop/apps/gcc-arm-none-eabi/current/bin/../lib/gcc/arm-none-eabi/13.3.1/thumb/v7-m/nofp\libg_nano.a(libc_a-findfp.o)
                0x200001e4                __sf
 .bss.__stdio_exit_handler
                0x2000031c        0x4 E:/Scoop/apps/gcc-arm-none-eabi/current/bin/../lib/gcc/arm-none-eabi/13.3.1/thumb/v7-m/nofp\libg_nano.a(libc_a-findfp.o)
                0x2000031c                __stdio_exit_handler
 .bss.errno     0x20000320        0x4 E:/Scoop/apps/gcc-arm-none-eabi/current/bin/../lib/gcc/arm-none-eabi/13.3.1/thumb/v7-m/nofp\libg_nano.a(libc_a-reent.o)
                0x20000320                errno
 .bss.__lock___malloc_recursive_mutex
                0x20000324        0x1 E:/Scoop/apps/gcc-arm-none-eabi/current/bin/../lib/gcc/arm-none-eabi/13.3.1/thumb/v7-m/nofp\libg_nano.a(libc_a-lock.o)
                0x20000324                __lock___malloc_recursive_mutex
 .bss.__lock___sfp_recursive_mutex
                0x20000325        0x1 E:/Scoop/apps/gcc-arm-none-eabi/current/bin/../lib/gcc/arm-none-eabi/13.3.1/thumb/v7-m/nofp\libg_nano.a(libc_a-lock.o)
                0x20000325                __lock___sfp_recursive_mutex
 *fill*         0x20000326        0x2 
 .bss.__malloc_sbrk_start
                0x20000328        0x4 E:/Scoop/apps/gcc-arm-none-eabi/current/bin/../lib/gcc/arm-none-eabi/13.3.1/thumb/v7-m/nofp\libg_nano.a(libc_a-mallocr.o)
                0x20000328                __malloc_sbrk_start
 .bss.__malloc_free_list
                0x2000032c        0x4 E:/Scoop/apps/gcc-arm-none-eabi/current/bin/../lib/gcc/arm-none-eabi/13.3.1/thumb/v7-m/nofp\libg_nano.a(libc_a-mallocr.o)
                0x2000032c                __malloc_free_list
 .bss.heap_end.0
                0x20000330        0x4 E:/Scoop/apps/gcc-arm-none-eabi/current/bin/../lib/gcc/arm-none-eabi/13.3.1/thumb/v7-m/nofp\libnosys.a(sbrk.o)
 *(COMMON)
                0x20000334                        . = ALIGN (0x4)
                0x20000334                        _ebss = .
                0x20000334                        __bss_end__ = _ebss

._user_heap_stack
                0x20000334      0x604 load address 0x080044ac
                0x20000338                        . = ALIGN (0x8)
 *fill*         0x20000334        0x4 
                0x20000338                        PROVIDE (end = .)
                [!provide]                        PROVIDE (_end = .)
                0x20000538                        . = (. + _Min_Heap_Size)
 *fill*         0x20000338      0x200 
                0x20000938                        . = (. + _Min_Stack_Size)
 *fill*         0x20000538      0x400 
                0x20000938                        . = ALIGN (0x8)

/DISCARD/
 libc.a(*)
 libm.a(*)
 libgcc.a(*)

.ARM.attributes
                0x00000000       0x29
 *(.ARM.attributes)
 .ARM.attributes
                0x00000000       0x1d E:/Scoop/apps/gcc-arm-none-eabi/current/bin/../lib/gcc/arm-none-eabi/13.3.1/thumb/v7-m/nofp/crti.o
 .ARM.attributes
                0x0000001d       0x2d E:/Scoop/apps/gcc-arm-none-eabi/current/bin/../lib/gcc/arm-none-eabi/13.3.1/thumb/v7-m/nofp/crtbegin.o
 .ARM.attributes
                0x0000004a       0x21 CMakeFiles/Project.elf.dir/CORE/startup_stm32f10x_md.s.obj
 .ARM.attributes
                0x0000006b       0x2d CMakeFiles/Project.elf.dir/CORE/system_stm32f10x.c.obj
 .ARM.attributes
                0x00000098       0x2d CMakeFiles/Project.elf.dir/Hardware/OLED.c.obj
 .ARM.attributes
                0x000000c5       0x2d CMakeFiles/Project.elf.dir/STM32F10x_StdPeriph_Driver/src/stm32f10x_gpio.c.obj
 .ARM.attributes
                0x000000f2       0x2d CMakeFiles/Project.elf.dir/STM32F10x_StdPeriph_Driver/src/stm32f10x_rcc.c.obj
 .ARM.attributes
                0x0000011f       0x2d CMakeFiles/Project.elf.dir/User/main.c.obj
 .ARM.attributes
                0x0000014c       0x2d CMakeFiles/Project.elf.dir/User/stm32f10x_it.c.obj
 .ARM.attributes
                0x00000179       0x2d E:/Scoop/apps/gcc-arm-none-eabi/current/bin/../lib/gcc/arm-none-eabi/13.3.1/thumb/v7-m/nofp\libg_nano.a(libc_a-nano-vfprintf_float.o)
 .ARM.attributes
                0x000001a6       0x2d E:/Scoop/apps/gcc-arm-none-eabi/current/bin/../lib/gcc/arm-none-eabi/13.3.1/thumb/v7-m/nofp\libg_nano.a(libc_a-nano-vfprintf_i.o)
 .ARM.attributes
                0x000001d3       0x2d E:/Scoop/apps/gcc-arm-none-eabi/current/bin/../lib/gcc/arm-none-eabi/13.3.1/thumb/v7-m/nofp\libg_nano.a(libc_a-findfp.o)
 .ARM.attributes
                0x00000200       0x2d E:/Scoop/apps/gcc-arm-none-eabi/current/bin/../lib/gcc/arm-none-eabi/13.3.1/thumb/v7-m/nofp\libg_nano.a(libc_a-fwalk.o)
 .ARM.attributes
                0x0000022d       0x2d E:/Scoop/apps/gcc-arm-none-eabi/current/bin/../lib/gcc/arm-none-eabi/13.3.1/thumb/v7-m/nofp\libg_nano.a(libc_a-stdio.o)
 .ARM.attributes
                0x0000025a       0x2d E:/Scoop/apps/gcc-arm-none-eabi/current/bin/../lib/gcc/arm-none-eabi/13.3.1/thumb/v7-m/nofp\libg_nano.a(libc_a-memset.o)
 .ARM.attributes
                0x00000287       0x2d E:/Scoop/apps/gcc-arm-none-eabi/current/bin/../lib/gcc/arm-none-eabi/13.3.1/thumb/v7-m/nofp\libg_nano.a(libc_a-localeconv.o)
 .ARM.attributes
                0x000002b4       0x2d E:/Scoop/apps/gcc-arm-none-eabi/current/bin/../lib/gcc/arm-none-eabi/13.3.1/thumb/v7-m/nofp\libg_nano.a(libc_a-closer.o)
 .ARM.attributes
                0x000002e1       0x2d E:/Scoop/apps/gcc-arm-none-eabi/current/bin/../lib/gcc/arm-none-eabi/13.3.1/thumb/v7-m/nofp\libg_nano.a(libc_a-reent.o)
 .ARM.attributes
                0x0000030e       0x2d E:/Scoop/apps/gcc-arm-none-eabi/current/bin/../lib/gcc/arm-none-eabi/13.3.1/thumb/v7-m/nofp\libg_nano.a(libc_a-impure.o)
 .ARM.attributes
                0x0000033b       0x2d E:/Scoop/apps/gcc-arm-none-eabi/current/bin/../lib/gcc/arm-none-eabi/13.3.1/thumb/v7-m/nofp\libg_nano.a(libc_a-lseekr.o)
 .ARM.attributes
                0x00000368       0x2d E:/Scoop/apps/gcc-arm-none-eabi/current/bin/../lib/gcc/arm-none-eabi/13.3.1/thumb/v7-m/nofp\libg_nano.a(libc_a-readr.o)
 .ARM.attributes
                0x00000395       0x2d E:/Scoop/apps/gcc-arm-none-eabi/current/bin/../lib/gcc/arm-none-eabi/13.3.1/thumb/v7-m/nofp\libg_nano.a(libc_a-writer.o)
 .ARM.attributes
                0x000003c2       0x2d E:/Scoop/apps/gcc-arm-none-eabi/current/bin/../lib/gcc/arm-none-eabi/13.3.1/thumb/v7-m/nofp\libg_nano.a(libc_a-lock.o)
 .ARM.attributes
                0x000003ef       0x2d E:/Scoop/apps/gcc-arm-none-eabi/current/bin/../lib/gcc/arm-none-eabi/13.3.1/thumb/v7-m/nofp\libg_nano.a(libc_a-memchr-stub.o)
 .ARM.attributes
                0x0000041c       0x17 E:/Scoop/apps/gcc-arm-none-eabi/current/bin/../lib/gcc/arm-none-eabi/13.3.1/thumb/v7-m/nofp\libg_nano.a(libc_a-strlen.o)
 .ARM.attributes
                0x00000433       0x2d E:/Scoop/apps/gcc-arm-none-eabi/current/bin/../lib/gcc/arm-none-eabi/13.3.1/thumb/v7-m/nofp\libg_nano.a(libc_a-dtoa.o)
 .ARM.attributes
                0x00000460       0x2d E:/Scoop/apps/gcc-arm-none-eabi/current/bin/../lib/gcc/arm-none-eabi/13.3.1/thumb/v7-m/nofp\libg_nano.a(libc_a-freer.o)
 .ARM.attributes
                0x0000048d       0x2d E:/Scoop/apps/gcc-arm-none-eabi/current/bin/../lib/gcc/arm-none-eabi/13.3.1/thumb/v7-m/nofp\libg_nano.a(libc_a-malloc.o)
 .ARM.attributes
                0x000004ba       0x2d E:/Scoop/apps/gcc-arm-none-eabi/current/bin/../lib/gcc/arm-none-eabi/13.3.1/thumb/v7-m/nofp\libg_nano.a(libc_a-mallocr.o)
 .ARM.attributes
                0x000004e7       0x2d E:/Scoop/apps/gcc-arm-none-eabi/current/bin/../lib/gcc/arm-none-eabi/13.3.1/thumb/v7-m/nofp\libg_nano.a(libc_a-mlock.o)
 .ARM.attributes
                0x00000514       0x2d E:/Scoop/apps/gcc-arm-none-eabi/current/bin/../lib/gcc/arm-none-eabi/13.3.1/thumb/v7-m/nofp\libg_nano.a(libc_a-mprec.o)
 .ARM.attributes
                0x00000541       0x2d E:/Scoop/apps/gcc-arm-none-eabi/current/bin/../lib/gcc/arm-none-eabi/13.3.1/thumb/v7-m/nofp\libg_nano.a(libc_a-fflush.o)
 .ARM.attributes
                0x0000056e       0x2d E:/Scoop/apps/gcc-arm-none-eabi/current/bin/../lib/gcc/arm-none-eabi/13.3.1/thumb/v7-m/nofp\libg_nano.a(libc_a-locale.o)
 .ARM.attributes
                0x0000059b       0x2d E:/Scoop/apps/gcc-arm-none-eabi/current/bin/../lib/gcc/arm-none-eabi/13.3.1/thumb/v7-m/nofp\libg_nano.a(libc_a-sbrkr.o)
 .ARM.attributes
                0x000005c8       0x2d E:/Scoop/apps/gcc-arm-none-eabi/current/bin/../lib/gcc/arm-none-eabi/13.3.1/thumb/v7-m/nofp\libg_nano.a(libc_a-memcpy-stub.o)
 .ARM.attributes
                0x000005f5       0x2d E:/Scoop/apps/gcc-arm-none-eabi/current/bin/../lib/gcc/arm-none-eabi/13.3.1/thumb/v7-m/nofp\libg_nano.a(libc_a-assert.o)
 .ARM.attributes
                0x00000622       0x2d E:/Scoop/apps/gcc-arm-none-eabi/current/bin/../lib/gcc/arm-none-eabi/13.3.1/thumb/v7-m/nofp\libg_nano.a(libc_a-callocr.o)
 .ARM.attributes
                0x0000064f       0x2d E:/Scoop/apps/gcc-arm-none-eabi/current/bin/../lib/gcc/arm-none-eabi/13.3.1/thumb/v7-m/nofp\libg_nano.a(libc_a-mbtowc_r.o)
 .ARM.attributes
                0x0000067c       0x2d E:/Scoop/apps/gcc-arm-none-eabi/current/bin/../lib/gcc/arm-none-eabi/13.3.1/thumb/v7-m/nofp\libg_nano.a(libc_a-wctomb_r.o)
 .ARM.attributes
                0x000006a9       0x2d E:/Scoop/apps/gcc-arm-none-eabi/current/bin/../lib/gcc/arm-none-eabi/13.3.1/thumb/v7-m/nofp\libg_nano.a(libc_a-ctype_.o)
 .ARM.attributes
                0x000006d6       0x2d E:/Scoop/apps/gcc-arm-none-eabi/current/bin/../lib/gcc/arm-none-eabi/13.3.1/thumb/v7-m/nofp\libg_nano.a(libc_a-fprintf.o)
 .ARM.attributes
                0x00000703       0x2d E:/Scoop/apps/gcc-arm-none-eabi/current/bin/../lib/gcc/arm-none-eabi/13.3.1/thumb/v7-m/nofp\libg_nano.a(libc_a-abort.o)
 .ARM.attributes
                0x00000730       0x2d E:/Scoop/apps/gcc-arm-none-eabi/current/bin/../lib/gcc/arm-none-eabi/13.3.1/thumb/v7-m/nofp\libg_nano.a(libc_a-nano-vfprintf.o)
 .ARM.attributes
                0x0000075d       0x2d E:/Scoop/apps/gcc-arm-none-eabi/current/bin/../lib/gcc/arm-none-eabi/13.3.1/thumb/v7-m/nofp\libg_nano.a(libc_a-wbuf.o)
 .ARM.attributes
                0x0000078a       0x2d E:/Scoop/apps/gcc-arm-none-eabi/current/bin/../lib/gcc/arm-none-eabi/13.3.1/thumb/v7-m/nofp\libg_nano.a(libc_a-wsetup.o)
 .ARM.attributes
                0x000007b7       0x2d E:/Scoop/apps/gcc-arm-none-eabi/current/bin/../lib/gcc/arm-none-eabi/13.3.1/thumb/v7-m/nofp\libg_nano.a(libc_a-signal.o)
 .ARM.attributes
                0x000007e4       0x2d E:/Scoop/apps/gcc-arm-none-eabi/current/bin/../lib/gcc/arm-none-eabi/13.3.1/thumb/v7-m/nofp\libg_nano.a(libc_a-signalr.o)
 .ARM.attributes
                0x00000811       0x2d E:/Scoop/apps/gcc-arm-none-eabi/current/bin/../lib/gcc/arm-none-eabi/13.3.1/thumb/v7-m/nofp\libg_nano.a(libc_a-makebuf.o)
 .ARM.attributes
                0x0000083e       0x2d E:/Scoop/apps/gcc-arm-none-eabi/current/bin/../lib/gcc/arm-none-eabi/13.3.1/thumb/v7-m/nofp\libg_nano.a(libc_a-fstatr.o)
 .ARM.attributes
                0x0000086b       0x2d E:/Scoop/apps/gcc-arm-none-eabi/current/bin/../lib/gcc/arm-none-eabi/13.3.1/thumb/v7-m/nofp\libg_nano.a(libc_a-isattyr.o)
 .ARM.attributes
                0x00000898       0x1d E:/Scoop/apps/gcc-arm-none-eabi/current/bin/../lib/gcc/arm-none-eabi/13.3.1/thumb/v7-m/nofp\libgcc.a(_arm_addsubdf3.o)
 .ARM.attributes
                0x000008b5       0x1d E:/Scoop/apps/gcc-arm-none-eabi/current/bin/../lib/gcc/arm-none-eabi/13.3.1/thumb/v7-m/nofp\libgcc.a(_arm_muldivdf3.o)
 .ARM.attributes
                0x000008d2       0x1d E:/Scoop/apps/gcc-arm-none-eabi/current/bin/../lib/gcc/arm-none-eabi/13.3.1/thumb/v7-m/nofp\libgcc.a(_arm_cmpdf2.o)
 .ARM.attributes
                0x000008ef       0x1d E:/Scoop/apps/gcc-arm-none-eabi/current/bin/../lib/gcc/arm-none-eabi/13.3.1/thumb/v7-m/nofp\libgcc.a(_arm_unorddf2.o)
 .ARM.attributes
                0x0000090c       0x1d E:/Scoop/apps/gcc-arm-none-eabi/current/bin/../lib/gcc/arm-none-eabi/13.3.1/thumb/v7-m/nofp\libgcc.a(_arm_fixdfsi.o)
 .ARM.attributes
                0x00000929       0x2d E:/Scoop/apps/gcc-arm-none-eabi/current/bin/../lib/gcc/arm-none-eabi/13.3.1/thumb/v7-m/nofp\libnosys.a(close.o)
 .ARM.attributes
                0x00000956       0x2d E:/Scoop/apps/gcc-arm-none-eabi/current/bin/../lib/gcc/arm-none-eabi/13.3.1/thumb/v7-m/nofp\libnosys.a(fstat.o)
 .ARM.attributes
                0x00000983       0x2d E:/Scoop/apps/gcc-arm-none-eabi/current/bin/../lib/gcc/arm-none-eabi/13.3.1/thumb/v7-m/nofp\libnosys.a(getpid.o)
 .ARM.attributes
                0x000009b0       0x2d E:/Scoop/apps/gcc-arm-none-eabi/current/bin/../lib/gcc/arm-none-eabi/13.3.1/thumb/v7-m/nofp\libnosys.a(isatty.o)
 .ARM.attributes
                0x000009dd       0x2d E:/Scoop/apps/gcc-arm-none-eabi/current/bin/../lib/gcc/arm-none-eabi/13.3.1/thumb/v7-m/nofp\libnosys.a(kill.o)
 .ARM.attributes
                0x00000a0a       0x2d E:/Scoop/apps/gcc-arm-none-eabi/current/bin/../lib/gcc/arm-none-eabi/13.3.1/thumb/v7-m/nofp\libnosys.a(lseek.o)
 .ARM.attributes
                0x00000a37       0x2d E:/Scoop/apps/gcc-arm-none-eabi/current/bin/../lib/gcc/arm-none-eabi/13.3.1/thumb/v7-m/nofp\libnosys.a(read.o)
 .ARM.attributes
                0x00000a64       0x2d E:/Scoop/apps/gcc-arm-none-eabi/current/bin/../lib/gcc/arm-none-eabi/13.3.1/thumb/v7-m/nofp\libnosys.a(sbrk.o)
 .ARM.attributes
                0x00000a91       0x2d E:/Scoop/apps/gcc-arm-none-eabi/current/bin/../lib/gcc/arm-none-eabi/13.3.1/thumb/v7-m/nofp\libnosys.a(write.o)
 .ARM.attributes
                0x00000abe       0x2d E:/Scoop/apps/gcc-arm-none-eabi/current/bin/../lib/gcc/arm-none-eabi/13.3.1/thumb/v7-m/nofp\libnosys.a(_exit.o)
 .ARM.attributes
                0x00000aeb       0x2d E:/Scoop/apps/gcc-arm-none-eabi/current/bin/../lib/gcc/arm-none-eabi/13.3.1/thumb/v7-m/nofp/crtend.o
 .ARM.attributes
                0x00000b18       0x1d E:/Scoop/apps/gcc-arm-none-eabi/current/bin/../lib/gcc/arm-none-eabi/13.3.1/thumb/v7-m/nofp/crtn.o
OUTPUT(Project.elf elf32-littlearm)
LOAD linker stubs
LOAD E:/Scoop/apps/gcc-arm-none-eabi/current/bin/../lib/gcc/arm-none-eabi/13.3.1/thumb/v7-m/nofp\libc.a
LOAD E:/Scoop/apps/gcc-arm-none-eabi/current/bin/../lib/gcc/arm-none-eabi/13.3.1/thumb/v7-m/nofp\libm.a
LOAD E:/Scoop/apps/gcc-arm-none-eabi/current/bin/../lib/gcc/arm-none-eabi/13.3.1/thumb/v7-m/nofp\libgcc.a

.debug_line     0x00000000     0x1b53
 .debug_line    0x00000000       0x75 CMakeFiles/Project.elf.dir/CORE/startup_stm32f10x_md.s.obj
 .debug_line    0x00000075      0x3a2 CMakeFiles/Project.elf.dir/CORE/system_stm32f10x.c.obj
 .debug_line    0x00000417      0x5f2 CMakeFiles/Project.elf.dir/Hardware/OLED.c.obj
 .debug_line    0x00000a09      0x6a0 CMakeFiles/Project.elf.dir/STM32F10x_StdPeriph_Driver/src/stm32f10x_gpio.c.obj
 .debug_line    0x000010a9      0x88b CMakeFiles/Project.elf.dir/STM32F10x_StdPeriph_Driver/src/stm32f10x_rcc.c.obj
 .debug_line    0x00001934      0x11c CMakeFiles/Project.elf.dir/User/main.c.obj
 .debug_line    0x00001a50      0x103 CMakeFiles/Project.elf.dir/User/stm32f10x_it.c.obj

.debug_line_str
                0x00000000      0x1ef
 .debug_line_str
                0x00000000      0x1ef CMakeFiles/Project.elf.dir/CORE/startup_stm32f10x_md.s.obj
                                 0x3e (size before relaxing)
 .debug_line_str
                0x000001ef       0xe7 E:/Scoop/apps/gcc-arm-none-eabi/current/bin/../lib/gcc/arm-none-eabi/13.3.1/thumb/v7-m/nofp\libg_nano.a(libc_a-strlen.o)
 .debug_line_str
                0x000001ef       0xca E:/Scoop/apps/gcc-arm-none-eabi/current/bin/../lib/gcc/arm-none-eabi/13.3.1/thumb/v7-m/nofp\libgcc.a(_arm_addsubdf3.o)
 .debug_line_str
                0x000001ef       0xca E:/Scoop/apps/gcc-arm-none-eabi/current/bin/../lib/gcc/arm-none-eabi/13.3.1/thumb/v7-m/nofp\libgcc.a(_arm_muldivdf3.o)
 .debug_line_str
                0x000001ef       0xca E:/Scoop/apps/gcc-arm-none-eabi/current/bin/../lib/gcc/arm-none-eabi/13.3.1/thumb/v7-m/nofp\libgcc.a(_arm_cmpdf2.o)
 .debug_line_str
                0x000001ef       0xca E:/Scoop/apps/gcc-arm-none-eabi/current/bin/../lib/gcc/arm-none-eabi/13.3.1/thumb/v7-m/nofp\libgcc.a(_arm_unorddf2.o)
 .debug_line_str
                0x000001ef       0xca E:/Scoop/apps/gcc-arm-none-eabi/current/bin/../lib/gcc/arm-none-eabi/13.3.1/thumb/v7-m/nofp\libgcc.a(_arm_fixdfsi.o)

.debug_info     0x00000000     0x25a0
 .debug_info    0x00000000       0x30 CMakeFiles/Project.elf.dir/CORE/startup_stm32f10x_md.s.obj
 .debug_info    0x00000030      0x439 CMakeFiles/Project.elf.dir/CORE/system_stm32f10x.c.obj
 .debug_info    0x00000469      0xdcd CMakeFiles/Project.elf.dir/Hardware/OLED.c.obj
 .debug_info    0x00001236      0x8be CMakeFiles/Project.elf.dir/STM32F10x_StdPeriph_Driver/src/stm32f10x_gpio.c.obj
 .debug_info    0x00001af4      0x8bc CMakeFiles/Project.elf.dir/STM32F10x_StdPeriph_Driver/src/stm32f10x_rcc.c.obj
 .debug_info    0x000023b0       0xf3 CMakeFiles/Project.elf.dir/User/main.c.obj
 .debug_info    0x000024a3       0xfd CMakeFiles/Project.elf.dir/User/stm32f10x_it.c.obj

.debug_abbrev   0x00000000      0x987
 .debug_abbrev  0x00000000       0x24 CMakeFiles/Project.elf.dir/CORE/startup_stm32f10x_md.s.obj
 .debug_abbrev  0x00000024      0x1c7 CMakeFiles/Project.elf.dir/CORE/system_stm32f10x.c.obj
 .debug_abbrev  0x000001eb      0x253 CMakeFiles/Project.elf.dir/Hardware/OLED.c.obj
 .debug_abbrev  0x0000043e      0x250 CMakeFiles/Project.elf.dir/STM32F10x_StdPeriph_Driver/src/stm32f10x_gpio.c.obj
 .debug_abbrev  0x0000068e      0x20d CMakeFiles/Project.elf.dir/STM32F10x_StdPeriph_Driver/src/stm32f10x_rcc.c.obj
 .debug_abbrev  0x0000089b       0xa7 CMakeFiles/Project.elf.dir/User/main.c.obj
 .debug_abbrev  0x00000942       0x45 CMakeFiles/Project.elf.dir/User/stm32f10x_it.c.obj

.debug_aranges  0x00000000      0x338
 .debug_aranges
                0x00000000       0x28 CMakeFiles/Project.elf.dir/CORE/startup_stm32f10x_md.s.obj
 .debug_aranges
                0x00000028       0x38 CMakeFiles/Project.elf.dir/CORE/system_stm32f10x.c.obj
 .debug_aranges
                0x00000060       0x98 CMakeFiles/Project.elf.dir/Hardware/OLED.c.obj
 .debug_aranges
                0x000000f8       0xa8 CMakeFiles/Project.elf.dir/STM32F10x_StdPeriph_Driver/src/stm32f10x_gpio.c.obj
 .debug_aranges
                0x000001a0      0x118 CMakeFiles/Project.elf.dir/STM32F10x_StdPeriph_Driver/src/stm32f10x_rcc.c.obj
 .debug_aranges
                0x000002b8       0x20 CMakeFiles/Project.elf.dir/User/main.c.obj
 .debug_aranges
                0x000002d8       0x60 CMakeFiles/Project.elf.dir/User/stm32f10x_it.c.obj

.debug_str      0x00000000      0xca1
 .debug_str     0x00000000      0xca1 CMakeFiles/Project.elf.dir/CORE/startup_stm32f10x_md.s.obj
                                 0x5a (size before relaxing)
 .debug_str     0x00000ca1      0x2f4 CMakeFiles/Project.elf.dir/CORE/system_stm32f10x.c.obj
 .debug_str     0x00000ca1      0x4a3 CMakeFiles/Project.elf.dir/Hardware/OLED.c.obj
 .debug_str     0x00000ca1      0x55e CMakeFiles/Project.elf.dir/STM32F10x_StdPeriph_Driver/src/stm32f10x_gpio.c.obj
 .debug_str     0x00000ca1      0x648 CMakeFiles/Project.elf.dir/STM32F10x_StdPeriph_Driver/src/stm32f10x_rcc.c.obj
 .debug_str     0x00000ca1      0x1a2 CMakeFiles/Project.elf.dir/User/main.c.obj
 .debug_str     0x00000ca1      0x204 CMakeFiles/Project.elf.dir/User/stm32f10x_it.c.obj

.debug_rnglists
                0x00000000      0x24d
 .debug_rnglists
                0x00000000       0x19 CMakeFiles/Project.elf.dir/CORE/startup_stm32f10x_md.s.obj
 .debug_rnglists
                0x00000019       0x27 CMakeFiles/Project.elf.dir/CORE/system_stm32f10x.c.obj
 .debug_rnglists
                0x00000040       0x6e CMakeFiles/Project.elf.dir/Hardware/OLED.c.obj
 .debug_rnglists
                0x000000ae       0x7b CMakeFiles/Project.elf.dir/STM32F10x_StdPeriph_Driver/src/stm32f10x_gpio.c.obj
 .debug_rnglists
                0x00000129       0xce CMakeFiles/Project.elf.dir/STM32F10x_StdPeriph_Driver/src/stm32f10x_rcc.c.obj
 .debug_rnglists
                0x000001f7       0x13 CMakeFiles/Project.elf.dir/User/main.c.obj
 .debug_rnglists
                0x0000020a       0x43 CMakeFiles/Project.elf.dir/User/stm32f10x_it.c.obj

.debug_loclists
                0x00000000      0xe13
 .debug_loclists
                0x00000000       0xb7 CMakeFiles/Project.elf.dir/CORE/system_stm32f10x.c.obj
 .debug_loclists
                0x000000b7      0x54d CMakeFiles/Project.elf.dir/Hardware/OLED.c.obj
 .debug_loclists
                0x00000604      0x4d0 CMakeFiles/Project.elf.dir/STM32F10x_StdPeriph_Driver/src/stm32f10x_gpio.c.obj
 .debug_loclists
                0x00000ad4      0x33f CMakeFiles/Project.elf.dir/STM32F10x_StdPeriph_Driver/src/stm32f10x_rcc.c.obj

.comment        0x00000000       0x45
 .comment       0x00000000       0x45 CMakeFiles/Project.elf.dir/CORE/system_stm32f10x.c.obj
                                 0x46 (size before relaxing)
 .comment       0x00000045       0x46 CMakeFiles/Project.elf.dir/Hardware/OLED.c.obj
 .comment       0x00000045       0x46 CMakeFiles/Project.elf.dir/STM32F10x_StdPeriph_Driver/src/stm32f10x_gpio.c.obj
 .comment       0x00000045       0x46 CMakeFiles/Project.elf.dir/STM32F10x_StdPeriph_Driver/src/stm32f10x_rcc.c.obj
 .comment       0x00000045       0x46 CMakeFiles/Project.elf.dir/User/main.c.obj
 .comment       0x00000045       0x46 CMakeFiles/Project.elf.dir/User/stm32f10x_it.c.obj

.debug_frame    0x00000000     0x17e0
 .debug_frame   0x00000000       0x6c CMakeFiles/Project.elf.dir/CORE/system_stm32f10x.c.obj
 .debug_frame   0x0000006c      0x1d8 CMakeFiles/Project.elf.dir/Hardware/OLED.c.obj
 .debug_frame   0x00000244      0x168 CMakeFiles/Project.elf.dir/STM32F10x_StdPeriph_Driver/src/stm32f10x_gpio.c.obj
 .debug_frame   0x000003ac      0x228 CMakeFiles/Project.elf.dir/STM32F10x_StdPeriph_Driver/src/stm32f10x_rcc.c.obj
 .debug_frame   0x000005d4       0x28 CMakeFiles/Project.elf.dir/User/main.c.obj
 .debug_frame   0x000005fc       0xa0 CMakeFiles/Project.elf.dir/User/stm32f10x_it.c.obj
 .debug_frame   0x0000069c       0x90 E:/Scoop/apps/gcc-arm-none-eabi/current/bin/../lib/gcc/arm-none-eabi/13.3.1/thumb/v7-m/nofp\libg_nano.a(libc_a-nano-vfprintf_float.o)
 .debug_frame   0x0000072c       0x60 E:/Scoop/apps/gcc-arm-none-eabi/current/bin/../lib/gcc/arm-none-eabi/13.3.1/thumb/v7-m/nofp\libg_nano.a(libc_a-nano-vfprintf_i.o)
 .debug_frame   0x0000078c      0x144 E:/Scoop/apps/gcc-arm-none-eabi/current/bin/../lib/gcc/arm-none-eabi/13.3.1/thumb/v7-m/nofp\libg_nano.a(libc_a-findfp.o)
 .debug_frame   0x000008d0       0x34 E:/Scoop/apps/gcc-arm-none-eabi/current/bin/../lib/gcc/arm-none-eabi/13.3.1/thumb/v7-m/nofp\libg_nano.a(libc_a-fwalk.o)
 .debug_frame   0x00000904       0x88 E:/Scoop/apps/gcc-arm-none-eabi/current/bin/../lib/gcc/arm-none-eabi/13.3.1/thumb/v7-m/nofp\libg_nano.a(libc_a-stdio.o)
 .debug_frame   0x0000098c       0x20 E:/Scoop/apps/gcc-arm-none-eabi/current/bin/../lib/gcc/arm-none-eabi/13.3.1/thumb/v7-m/nofp\libg_nano.a(libc_a-memset.o)
 .debug_frame   0x000009ac       0x40 E:/Scoop/apps/gcc-arm-none-eabi/current/bin/../lib/gcc/arm-none-eabi/13.3.1/thumb/v7-m/nofp\libg_nano.a(libc_a-localeconv.o)
 .debug_frame   0x000009ec       0x2c E:/Scoop/apps/gcc-arm-none-eabi/current/bin/../lib/gcc/arm-none-eabi/13.3.1/thumb/v7-m/nofp\libg_nano.a(libc_a-closer.o)
 .debug_frame   0x00000a18       0x38 E:/Scoop/apps/gcc-arm-none-eabi/current/bin/../lib/gcc/arm-none-eabi/13.3.1/thumb/v7-m/nofp\libg_nano.a(libc_a-reent.o)
 .debug_frame   0x00000a50       0x2c E:/Scoop/apps/gcc-arm-none-eabi/current/bin/../lib/gcc/arm-none-eabi/13.3.1/thumb/v7-m/nofp\libg_nano.a(libc_a-lseekr.o)
 .debug_frame   0x00000a7c       0x2c E:/Scoop/apps/gcc-arm-none-eabi/current/bin/../lib/gcc/arm-none-eabi/13.3.1/thumb/v7-m/nofp\libg_nano.a(libc_a-readr.o)
 .debug_frame   0x00000aa8       0x2c E:/Scoop/apps/gcc-arm-none-eabi/current/bin/../lib/gcc/arm-none-eabi/13.3.1/thumb/v7-m/nofp\libg_nano.a(libc_a-writer.o)
 .debug_frame   0x00000ad4       0xb0 E:/Scoop/apps/gcc-arm-none-eabi/current/bin/../lib/gcc/arm-none-eabi/13.3.1/thumb/v7-m/nofp\libg_nano.a(libc_a-lock.o)
 .debug_frame   0x00000b84       0x28 E:/Scoop/apps/gcc-arm-none-eabi/current/bin/../lib/gcc/arm-none-eabi/13.3.1/thumb/v7-m/nofp\libg_nano.a(libc_a-memchr-stub.o)
 .debug_frame   0x00000bac       0x70 E:/Scoop/apps/gcc-arm-none-eabi/current/bin/../lib/gcc/arm-none-eabi/13.3.1/thumb/v7-m/nofp\libg_nano.a(libc_a-dtoa.o)
 .debug_frame   0x00000c1c       0x38 E:/Scoop/apps/gcc-arm-none-eabi/current/bin/../lib/gcc/arm-none-eabi/13.3.1/thumb/v7-m/nofp\libg_nano.a(libc_a-freer.o)
 .debug_frame   0x00000c54       0x30 E:/Scoop/apps/gcc-arm-none-eabi/current/bin/../lib/gcc/arm-none-eabi/13.3.1/thumb/v7-m/nofp\libg_nano.a(libc_a-malloc.o)
 .debug_frame   0x00000c84       0x50 E:/Scoop/apps/gcc-arm-none-eabi/current/bin/../lib/gcc/arm-none-eabi/13.3.1/thumb/v7-m/nofp\libg_nano.a(libc_a-mallocr.o)
 .debug_frame   0x00000cd4       0x30 E:/Scoop/apps/gcc-arm-none-eabi/current/bin/../lib/gcc/arm-none-eabi/13.3.1/thumb/v7-m/nofp\libg_nano.a(libc_a-mlock.o)
 .debug_frame   0x00000d04      0x258 E:/Scoop/apps/gcc-arm-none-eabi/current/bin/../lib/gcc/arm-none-eabi/13.3.1/thumb/v7-m/nofp\libg_nano.a(libc_a-mprec.o)
 .debug_frame   0x00000f5c       0x5c E:/Scoop/apps/gcc-arm-none-eabi/current/bin/../lib/gcc/arm-none-eabi/13.3.1/thumb/v7-m/nofp\libg_nano.a(libc_a-fflush.o)
 .debug_frame   0x00000fb8       0x48 E:/Scoop/apps/gcc-arm-none-eabi/current/bin/../lib/gcc/arm-none-eabi/13.3.1/thumb/v7-m/nofp\libg_nano.a(libc_a-locale.o)
 .debug_frame   0x00001000       0x2c E:/Scoop/apps/gcc-arm-none-eabi/current/bin/../lib/gcc/arm-none-eabi/13.3.1/thumb/v7-m/nofp\libg_nano.a(libc_a-sbrkr.o)
 .debug_frame   0x0000102c       0x28 E:/Scoop/apps/gcc-arm-none-eabi/current/bin/../lib/gcc/arm-none-eabi/13.3.1/thumb/v7-m/nofp\libg_nano.a(libc_a-memcpy-stub.o)
 .debug_frame   0x00001054       0x40 E:/Scoop/apps/gcc-arm-none-eabi/current/bin/../lib/gcc/arm-none-eabi/13.3.1/thumb/v7-m/nofp\libg_nano.a(libc_a-assert.o)
 .debug_frame   0x00001094       0x2c E:/Scoop/apps/gcc-arm-none-eabi/current/bin/../lib/gcc/arm-none-eabi/13.3.1/thumb/v7-m/nofp\libg_nano.a(libc_a-callocr.o)
 .debug_frame   0x000010c0       0x48 E:/Scoop/apps/gcc-arm-none-eabi/current/bin/../lib/gcc/arm-none-eabi/13.3.1/thumb/v7-m/nofp\libg_nano.a(libc_a-mbtowc_r.o)
 .debug_frame   0x00001108       0x3c E:/Scoop/apps/gcc-arm-none-eabi/current/bin/../lib/gcc/arm-none-eabi/13.3.1/thumb/v7-m/nofp\libg_nano.a(libc_a-wctomb_r.o)
 .debug_frame   0x00001144       0x64 E:/Scoop/apps/gcc-arm-none-eabi/current/bin/../lib/gcc/arm-none-eabi/13.3.1/thumb/v7-m/nofp\libg_nano.a(libc_a-fprintf.o)
 .debug_frame   0x000011a8       0x28 E:/Scoop/apps/gcc-arm-none-eabi/current/bin/../lib/gcc/arm-none-eabi/13.3.1/thumb/v7-m/nofp\libg_nano.a(libc_a-abort.o)
 .debug_frame   0x000011d0       0xa8 E:/Scoop/apps/gcc-arm-none-eabi/current/bin/../lib/gcc/arm-none-eabi/13.3.1/thumb/v7-m/nofp\libg_nano.a(libc_a-nano-vfprintf.o)
 .debug_frame   0x00001278       0x40 E:/Scoop/apps/gcc-arm-none-eabi/current/bin/../lib/gcc/arm-none-eabi/13.3.1/thumb/v7-m/nofp\libg_nano.a(libc_a-wbuf.o)
 .debug_frame   0x000012b8       0x2c E:/Scoop/apps/gcc-arm-none-eabi/current/bin/../lib/gcc/arm-none-eabi/13.3.1/thumb/v7-m/nofp\libg_nano.a(libc_a-wsetup.o)
 .debug_frame   0x000012e4       0xcc E:/Scoop/apps/gcc-arm-none-eabi/current/bin/../lib/gcc/arm-none-eabi/13.3.1/thumb/v7-m/nofp\libg_nano.a(libc_a-signal.o)
 .debug_frame   0x000013b0       0x3c E:/Scoop/apps/gcc-arm-none-eabi/current/bin/../lib/gcc/arm-none-eabi/13.3.1/thumb/v7-m/nofp\libg_nano.a(libc_a-signalr.o)
 .debug_frame   0x000013ec       0x58 E:/Scoop/apps/gcc-arm-none-eabi/current/bin/../lib/gcc/arm-none-eabi/13.3.1/thumb/v7-m/nofp\libg_nano.a(libc_a-makebuf.o)
 .debug_frame   0x00001444       0x2c E:/Scoop/apps/gcc-arm-none-eabi/current/bin/../lib/gcc/arm-none-eabi/13.3.1/thumb/v7-m/nofp\libg_nano.a(libc_a-fstatr.o)
 .debug_frame   0x00001470       0x2c E:/Scoop/apps/gcc-arm-none-eabi/current/bin/../lib/gcc/arm-none-eabi/13.3.1/thumb/v7-m/nofp\libg_nano.a(libc_a-isattyr.o)
 .debug_frame   0x0000149c       0xac E:/Scoop/apps/gcc-arm-none-eabi/current/bin/../lib/gcc/arm-none-eabi/13.3.1/thumb/v7-m/nofp\libgcc.a(_arm_addsubdf3.o)
 .debug_frame   0x00001548       0x50 E:/Scoop/apps/gcc-arm-none-eabi/current/bin/../lib/gcc/arm-none-eabi/13.3.1/thumb/v7-m/nofp\libgcc.a(_arm_muldivdf3.o)
 .debug_frame   0x00001598       0xc4 E:/Scoop/apps/gcc-arm-none-eabi/current/bin/../lib/gcc/arm-none-eabi/13.3.1/thumb/v7-m/nofp\libgcc.a(_arm_cmpdf2.o)
 .debug_frame   0x0000165c       0x20 E:/Scoop/apps/gcc-arm-none-eabi/current/bin/../lib/gcc/arm-none-eabi/13.3.1/thumb/v7-m/nofp\libgcc.a(_arm_unorddf2.o)
 .debug_frame   0x0000167c       0x24 E:/Scoop/apps/gcc-arm-none-eabi/current/bin/../lib/gcc/arm-none-eabi/13.3.1/thumb/v7-m/nofp\libgcc.a(_arm_fixdfsi.o)
 .debug_frame   0x000016a0       0x20 E:/Scoop/apps/gcc-arm-none-eabi/current/bin/../lib/gcc/arm-none-eabi/13.3.1/thumb/v7-m/nofp\libnosys.a(close.o)
 .debug_frame   0x000016c0       0x20 E:/Scoop/apps/gcc-arm-none-eabi/current/bin/../lib/gcc/arm-none-eabi/13.3.1/thumb/v7-m/nofp\libnosys.a(fstat.o)
 .debug_frame   0x000016e0       0x20 E:/Scoop/apps/gcc-arm-none-eabi/current/bin/../lib/gcc/arm-none-eabi/13.3.1/thumb/v7-m/nofp\libnosys.a(getpid.o)
 .debug_frame   0x00001700       0x20 E:/Scoop/apps/gcc-arm-none-eabi/current/bin/../lib/gcc/arm-none-eabi/13.3.1/thumb/v7-m/nofp\libnosys.a(isatty.o)
 .debug_frame   0x00001720       0x20 E:/Scoop/apps/gcc-arm-none-eabi/current/bin/../lib/gcc/arm-none-eabi/13.3.1/thumb/v7-m/nofp\libnosys.a(kill.o)
 .debug_frame   0x00001740       0x20 E:/Scoop/apps/gcc-arm-none-eabi/current/bin/../lib/gcc/arm-none-eabi/13.3.1/thumb/v7-m/nofp\libnosys.a(lseek.o)
 .debug_frame   0x00001760       0x20 E:/Scoop/apps/gcc-arm-none-eabi/current/bin/../lib/gcc/arm-none-eabi/13.3.1/thumb/v7-m/nofp\libnosys.a(read.o)
 .debug_frame   0x00001780       0x20 E:/Scoop/apps/gcc-arm-none-eabi/current/bin/../lib/gcc/arm-none-eabi/13.3.1/thumb/v7-m/nofp\libnosys.a(sbrk.o)
 .debug_frame   0x000017a0       0x20 E:/Scoop/apps/gcc-arm-none-eabi/current/bin/../lib/gcc/arm-none-eabi/13.3.1/thumb/v7-m/nofp\libnosys.a(write.o)
 .debug_frame   0x000017c0       0x20 E:/Scoop/apps/gcc-arm-none-eabi/current/bin/../lib/gcc/arm-none-eabi/13.3.1/thumb/v7-m/nofp\libnosys.a(_exit.o)
